Component: Arm Compiler for Embedded 6.19 Tool: armlink [5e73cb00]

==============================================================================

Section Cross References

    startup_stm32g070xx.o(STACK) refers (Special) to heapauxi.o(.text) for __use_two_region_memory
    startup_stm32g070xx.o(HEAP) refers (Special) to heapauxi.o(.text) for __use_two_region_memory
    startup_stm32g070xx.o(RESET) refers (Special) to heapauxi.o(.text) for __use_two_region_memory
    startup_stm32g070xx.o(RESET) refers to startup_stm32g070xx.o(STACK) for __initial_sp
    startup_stm32g070xx.o(RESET) refers to startup_stm32g070xx.o(.text) for Reset_Handler
    startup_stm32g070xx.o(RESET) refers to stm32g0xx_it.o(.text.NMI_Handler) for NMI_Handler
    startup_stm32g070xx.o(RESET) refers to stm32g0xx_it.o(.text.HardFault_Handler) for HardFault_Handler
    startup_stm32g070xx.o(RESET) refers to port.o(.text.SVC_Handler) for SVC_Handler
    startup_stm32g070xx.o(RESET) refers to port.o(.text.PendSV_Handler) for PendSV_Handler
    startup_stm32g070xx.o(RESET) refers to stm32g0xx_it.o(.text.SysTick_Handler) for SysTick_Handler
    startup_stm32g070xx.o(RESET) refers to stm32g0xx_it.o(.text.EXTI4_15_IRQHandler) for EXTI4_15_IRQHandler
    startup_stm32g070xx.o(.text) refers (Special) to heapauxi.o(.text) for __use_two_region_memory
    startup_stm32g070xx.o(.text) refers to system_stm32g0xx.o(.text.SystemInit) for SystemInit
    startup_stm32g070xx.o(.text) refers to __main.o(!!!main) for __main
    startup_stm32g070xx.o(.text) refers to startup_stm32g070xx.o(HEAP) for Heap_Mem
    startup_stm32g070xx.o(.text) refers to startup_stm32g070xx.o(STACK) for Stack_Mem
    fonts.o(.data.Font_7x10) refers to fonts.o(.rodata.Font7x10) for [Anonymous Symbol]
    fonts.o(.data.Font_11x18) refers to fonts.o(.rodata.Font11x18) for [Anonymous Symbol]
    fonts.o(.data.Font_16x26) refers to fonts.o(.rodata.Font16x26) for [Anonymous Symbol]
    main.o(.text.main) refers to stm32g0xx_hal.o(.text.HAL_Init) for HAL_Init
    main.o(.text.main) refers to main.o(.text.SystemClock_Config) for SystemClock_Config
    main.o(.text.main) refers to gpio.o(.text.MX_GPIO_Init) for MX_GPIO_Init
    main.o(.text.main) refers to adc.o(.text.MX_ADC1_Init) for MX_ADC1_Init
    main.o(.text.main) refers to i2c.o(.text.MX_I2C1_Init) for MX_I2C1_Init
    main.o(.text.main) refers to usart.o(.text.MX_USART1_UART_Init) for MX_USART1_UART_Init
    main.o(.text.main) refers to spi.o(.text.MX_SPI1_Init) for MX_SPI1_Init
    main.o(.text.main) refers to app_freertos.o(.text.MX_FREERTOS_Init) for MX_FREERTOS_Init
    main.o(.text.main) refers to cmsis_os.o(.text.osKernelStart) for osKernelStart
    main.o(.ARM.exidx.text.main) refers to main.o(.text.main) for [Anonymous Symbol]
    main.o(.text.SystemClock_Config) refers to rt_memclr.o(.text) for __aeabi_memclr4
    main.o(.text.SystemClock_Config) refers to stm32g0xx_hal_pwr_ex.o(.text.HAL_PWREx_ControlVoltageScaling) for HAL_PWREx_ControlVoltageScaling
    main.o(.text.SystemClock_Config) refers to stm32g0xx_hal_rcc.o(.text.HAL_RCC_OscConfig) for HAL_RCC_OscConfig
    main.o(.text.SystemClock_Config) refers to main.o(.text.Error_Handler) for Error_Handler
    main.o(.text.SystemClock_Config) refers to stm32g0xx_hal_rcc.o(.text.HAL_RCC_ClockConfig) for HAL_RCC_ClockConfig
    main.o(.ARM.exidx.text.SystemClock_Config) refers to main.o(.text.SystemClock_Config) for [Anonymous Symbol]
    main.o(.text.Error_Handler) refers to stm32g0xx_hal_gpio.o(.text.HAL_GPIO_WritePin) for HAL_GPIO_WritePin
    main.o(.ARM.exidx.text.Error_Handler) refers to main.o(.text.Error_Handler) for [Anonymous Symbol]
    gpio.o(.text.MX_GPIO_Init) refers to stm32g0xx_hal_gpio.o(.text.HAL_GPIO_WritePin) for HAL_GPIO_WritePin
    gpio.o(.text.MX_GPIO_Init) refers to stm32g0xx_hal_gpio.o(.text.HAL_GPIO_Init) for HAL_GPIO_Init
    gpio.o(.text.MX_GPIO_Init) refers to stm32g0xx_hal_cortex.o(.text.HAL_NVIC_SetPriority) for HAL_NVIC_SetPriority
    gpio.o(.text.MX_GPIO_Init) refers to stm32g0xx_hal_cortex.o(.text.HAL_NVIC_EnableIRQ) for HAL_NVIC_EnableIRQ
    gpio.o(.ARM.exidx.text.MX_GPIO_Init) refers to gpio.o(.text.MX_GPIO_Init) for [Anonymous Symbol]
    gpio.o(.text.HAL_GPIO_EXTI_Falling_Callback) refers to periphery.o(.bss.Per) for Per
    gpio.o(.ARM.exidx.text.HAL_GPIO_EXTI_Falling_Callback) refers to gpio.o(.text.HAL_GPIO_EXTI_Falling_Callback) for [Anonymous Symbol]
    app_freertos.o(.text.MX_FREERTOS_Init) refers to cmsis_os.o(.text.osThreadCreate) for osThreadCreate
    app_freertos.o(.text.MX_FREERTOS_Init) refers to app_freertos.o(.rodata..L__const.MX_FREERTOS_Init.os_thread_def_LCDTask) for [Anonymous Symbol]
    app_freertos.o(.text.MX_FREERTOS_Init) refers to app_freertos.o(.bss.LCDTaskHandle) for LCDTaskHandle
    app_freertos.o(.text.MX_FREERTOS_Init) refers to app_freertos.o(.rodata..L__const.MX_FREERTOS_Init.os_thread_def_OilHeatTask) for [Anonymous Symbol]
[...]
    __arm_cp.4_1                             0x08006b50   Number         4  port.o(.text.vPortSetupTimerInterrupt)
    __arm_cp.4_2                             0x08006b54   Number         4  port.o(.text.vPortSetupTimerInterrupt)
    __arm_cp.4_3                             0x08006b58   Number         4  port.o(.text.vPortSetupTimerInterrupt)
    vPortStartFirstTask                      0x08006b61   Thumb Code    52  port.o(.text.vPortStartFirstTask)
    [Anonymous Symbol]                       0x08006b60   Section        0  port.o(.text.vPortStartFirstTask)
    pxCurrentTCBConst2                       0x08006b90   Number         0  port.o(.text.vPortStartFirstTask)
    [Anonymous Symbol]                       0x08006b94   Section        0  port.o(.text.vPortYield)
    [Anonymous Symbol]                       0x08006ba8   Section        0  tasks.o(.text.vTaskDelay)
    [Anonymous Symbol]                       0x08006bf4   Section        0  tasks.o(.text.vTaskStartScheduler)
    __arm_cp.16_0                            0x08006c50   Number         4  tasks.o(.text.vTaskStartScheduler)
    __arm_cp.16_1                            0x08006c54   Number         4  tasks.o(.text.vTaskStartScheduler)
    __arm_cp.16_2                            0x08006c58   Number         4  tasks.o(.text.vTaskStartScheduler)
    [Anonymous Symbol]                       0x08006c5c   Section        0  tasks.o(.text.vTaskSuspendAll)
    [Anonymous Symbol]                       0x08006c68   Section        0  tasks.o(.text.vTaskSwitchContext)
    [Anonymous Symbol]                       0x08006cf0   Section        0  port.o(.text.xPortStartScheduler)
    __arm_cp.3_0                             0x08006d28   Number         4  port.o(.text.xPortStartScheduler)
    __arm_cp.3_1                             0x08006d2c   Number         4  port.o(.text.xPortStartScheduler)
    [Anonymous Symbol]                       0x08006d30   Section        0  port.o(.text.xPortSysTickHandler)
    __arm_cp.13_0                            0x08006d58   Number         4  port.o(.text.xPortSysTickHandler)
    [Anonymous Symbol]                       0x08006d5c   Section        0  tasks.o(.text.xTaskCreate)
    [Anonymous Symbol]                       0x08006de8   Section        0  tasks.o(.text.xTaskGetSchedulerState)
    __arm_cp.34_0                            0x08006e18   Number         4  tasks.o(.text.xTaskGetSchedulerState)
    [Anonymous Symbol]                       0x08006e1c   Section        0  tasks.o(.text.xTaskIncrementTick)
    __arm_cp.19_0                            0x08006f64   Number         4  tasks.o(.text.xTaskIncrementTick)
    __arm_cp.19_2                            0x08006f68   Number         4  tasks.o(.text.xTaskIncrementTick)
    __arm_cp.19_3                            0x08006f6c   Number         4  tasks.o(.text.xTaskIncrementTick)
    __arm_cp.19_4                            0x08006f70   Number         4  tasks.o(.text.xTaskIncrementTick)
    __arm_cp.19_5                            0x08006f74   Number         4  tasks.o(.text.xTaskIncrementTick)
    __arm_cp.19_6                            0x08006f78   Number         4  tasks.o(.text.xTaskIncrementTick)
    __arm_cp.19_7                            0x08006f7c   Number         4  tasks.o(.text.xTaskIncrementTick)
    __arm_cp.19_8                            0x08006f80   Number         4  tasks.o(.text.xTaskIncrementTick)
    __arm_cp.19_10                           0x08006f84   Number         4  tasks.o(.text.xTaskIncrementTick)
    [Anonymous Symbol]                       0x08006f88   Section        0  tasks.o(.text.xTaskResumeAll)
    __arm_cp.6_0                             0x0800709c   Number         4  tasks.o(.text.xTaskResumeAll)
    __arm_cp.6_1                             0x080070a0   Number         4  tasks.o(.text.xTaskResumeAll)
    __arm_cp.6_2                             0x080070a4   Number         4  tasks.o(.text.xTaskResumeAll)
    __arm_cp.6_3                             0x080070a8   Number         4  tasks.o(.text.xTaskResumeAll)
    __arm_cp.6_4                             0x080070ac   Number         4  tasks.o(.text.xTaskResumeAll)
    __arm_cp.6_5                             0x080070b0   Number         4  tasks.o(.text.xTaskResumeAll)
    __arm_cp.6_6                             0x080070b4   Number         4  tasks.o(.text.xTaskResumeAll)
    __arm_cp.6_7                             0x080070b8   Number         4  tasks.o(.text.xTaskResumeAll)
    i._fls                                   0x080070bc   Section        0  fcmp.o(i._fls)
    i.sqrtf                                  0x080070d2   Section        0  sqrtf.o(i.sqrtf)
    x$fpl$fadd                               0x08007100   Section      140  faddsub.o(x$fpl$fadd)
    _fadd1                                   0x0800710d   Thumb Code     0  faddsub.o(x$fpl$fadd)
    x$fpl$fleqf                              0x0800718c   Section       84  flef.o(x$fpl$fleqf)
    x$fpl$fmul                               0x080071e0   Section      176  fmul.o(x$fpl$fmul)
    x$fpl$fsub                               0x08007290   Section      208  faddsub.o(x$fpl$fsub)
    _fsub1                                   0x0800729d   Thumb Code     0  faddsub.o(x$fpl$fsub)
    fdiv_tab                                 0x08007360   Data          64  fdiv.o(.constdata)
    .constdata                               0x08007360   Section       64  fdiv.o(.constdata)
    x$fpl$usenofp                            0x08007360   Section        0  usenofp.o(x$fpl$usenofp)
    [Anonymous Symbol]                       0x080073a0   Section        0  app_freertos.o(.rodata..L__const.MX_FREERTOS_Init.os_thread_def_LCDTask)
    [Anonymous Symbol]                       0x080073b4   Section        0  app_freertos.o(.rodata..L__const.MX_FREERTOS_Init.os_thread_def_LEDTask)
    [Anonymous Symbol]                       0x080073c8   Section        0  app_freertos.o(.rodata..L__const.MX_FREERTOS_Init.os_thread_def_ModbusTask)
    [Anonymous Symbol]                       0x080073dc   Section        0  app_freertos.o(.rodata..L__const.MX_FREERTOS_Init.os_thread_def_OilHeatTask)
    [Anonymous Symbol]                       0x080073f0   Section        0  app_freertos.o(.rodata..L__const.MX_FREERTOS_Init.os_thread_def_ProcessTask)
    [Anonymous Symbol]                       0x08007404   Section        0  app_freertos.o(.rodata..L__const.MX_FREERTOS_Init.os_thread_def_SensorsTask)
    Font7x10                                 0x08007478   Data        1900  fonts.o(.rodata.Font7x10)
    [Anonymous Symbol]                       0x08007478   Section        0  fonts.o(.rodata.Font7x10)
    UARTEx_SetNbDataToProcess.denominator    0x08007be4   Data           8  stm32g0xx_hal_uart_ex.o(.rodata.UARTEx_SetNbDataToProcess.denominator)
    [Anonymous Symbol]                       0x08007be4   Section        0  stm32g0xx_hal_uart_ex.o(.rodata.UARTEx_SetNbDataToProcess.denominator)
    UARTEx_SetNbDataToProcess.numerator      0x08007bec   Data           8  stm32g0xx_hal_uart_ex.o(.rodata.UARTEx_SetNbDataToProcess.numerator)
    [Anonymous Symbol]                       0x08007bec   Section        0  stm32g0xx_hal_uart_ex.o(.rodata.UARTEx_SetNbDataToProcess.numerator)
    [Anonymous Symbol]                       0x08007c0c   Section        0  app_freertos.o(.rodata.str1.1)
    [Anonymous Symbol]                       0x08007c53   Section        0  tasks.o(.rodata.str1.1)
    uxCriticalNesting                        0x20000014   Data           4  port.o(.data.uxCriticalNesting)
    [Anonymous Symbol]                       0x20000014   Section        0  port.o(.data.uxCriticalNesting)
    .bss                                     0x20000018   Section       96  libspace.o(.bss)
    ReadTemperatureSensors.CoolantTemperature 0x200000a4   Data           4  periphery.o(.bss.ReadTemperatureSensors.CoolantTemperature)
    [Anonymous Symbol]                       0x200000a4   Section        0  periphery.o(.bss.ReadTemperatureSensors.CoolantTemperature)
    ReadTemperatureSensors.OilTemperature    0x200000a8   Data           4  periphery.o(.bss.ReadTemperatureSensors.OilTemperature)
    [Anonymous Symbol]                       0x200000a8   Section        0  periphery.o(.bss.ReadTemperatureSensors.OilTemperature)
    SSD1306_Buffer                           0x200000b0   Data        1024  ssd1306.o(.bss._ZL14SSD1306_Buffer)
    [Anonymous Symbol]                       0x200000b0   Section        0  ssd1306.o(.bss._ZL14SSD1306_Buffer)
    SSD1306                                  0x200004b0   Data           6  ssd1306.o(.bss._ZL7SSD1306)
    [Anonymous Symbol]                       0x200004b0   Section        0  ssd1306.o(.bss._ZL7SSD1306)
    pvPortMalloc.pucAlignedHeap              0x20000688   Data           4  heap_1.o(.bss.pvPortMalloc.pucAlignedHeap)
    [Anonymous Symbol]                       0x20000688   Section        0  heap_1.o(.bss.pvPortMalloc.pucAlignedHeap)
    pxDelayedTaskList                        0x20000690   Data           4  tasks.o(.bss.pxDelayedTaskList)
    [Anonymous Symbol]                       0x20000690   Section        0  tasks.o(.bss.pxDelayedTaskList)
    pxOverflowDelayedTaskList                0x20000694   Data           4  tasks.o(.bss.pxOverflowDelayedTaskList)
    [Anonymous Symbol]                       0x20000694   Section        0  tasks.o(.bss.pxOverflowDelayedTaskList)
    pxReadyTasksLists                        0x20000698   Data         140  tasks.o(.bss.pxReadyTasksLists)
    [Anonymous Symbol]                       0x20000698   Section        0  tasks.o(.bss.pxReadyTasksLists)
    ucHeap                                   0x20000724   Data       10000  heap_1.o(.bss.ucHeap)
    [Anonymous Symbol]                       0x20000724   Section        0  heap_1.o(.bss.ucHeap)
    uxCurrentNumberOfTasks                   0x20002e38   Data           4  tasks.o(.bss.uxCurrentNumberOfTasks)
    [Anonymous Symbol]                       0x20002e38   Section        0  tasks.o(.bss.uxCurrentNumberOfTasks)
    uxSchedulerSuspended                     0x20002e3c   Data           4  tasks.o(.bss.uxSchedulerSuspended)
    [Anonymous Symbol]                       0x20002e3c   Section        0  tasks.o(.bss.uxSchedulerSuspended)
    uxTaskNumber                             0x20002e40   Data           4  tasks.o(.bss.uxTaskNumber)
    [Anonymous Symbol]                       0x20002e40   Section        0  tasks.o(.bss.uxTaskNumber)
    uxTopReadyPriority                       0x20002e44   Data           4  tasks.o(.bss.uxTopReadyPriority)
    [Anonymous Symbol]                       0x20002e44   Section        0  tasks.o(.bss.uxTopReadyPriority)
    xDelayedTaskList1                        0x20002e48   Data          20  tasks.o(.bss.xDelayedTaskList1)
    [Anonymous Symbol]                       0x20002e48   Section        0  tasks.o(.bss.xDelayedTaskList1)
    xDelayedTaskList2                        0x20002e5c   Data          20  tasks.o(.bss.xDelayedTaskList2)
    [Anonymous Symbol]                       0x20002e5c   Section        0  tasks.o(.bss.xDelayedTaskList2)
    xIdleTaskHandle                          0x20002e70   Data           4  tasks.o(.bss.xIdleTaskHandle)
    [Anonymous Symbol]                       0x20002e70   Section        0  tasks.o(.bss.xIdleTaskHandle)
    xNextFreeByte                            0x20002e74   Data           4  heap_1.o(.bss.xNextFreeByte)
    [Anonymous Symbol]                       0x20002e74   Section        0  heap_1.o(.bss.xNextFreeByte)
    xNextTaskUnblockTime                     0x20002e78   Data           4  tasks.o(.bss.xNextTaskUnblockTime)
    [Anonymous Symbol]                       0x20002e78   Section        0  tasks.o(.bss.xNextTaskUnblockTime)
    xNumOfOverflows                          0x20002e7c   Data           4  tasks.o(.bss.xNumOfOverflows)
    [Anonymous Symbol]                       0x20002e7c   Section        0  tasks.o(.bss.xNumOfOverflows)
    xPendedTicks                             0x20002e80   Data           4  tasks.o(.bss.xPendedTicks)
    [Anonymous Symbol]                       0x20002e80   Section        0  tasks.o(.bss.xPendedTicks)
    xPendingReadyList                        0x20002e84   Data          20  tasks.o(.bss.xPendingReadyList)
    [Anonymous Symbol]                       0x20002e84   Section        0  tasks.o(.bss.xPendingReadyList)
    xSchedulerRunning                        0x20002e98   Data           4  tasks.o(.bss.xSchedulerRunning)
    [Anonymous Symbol]                       0x20002e98   Section        0  tasks.o(.bss.xSchedulerRunning)
    xSuspendedTaskList                       0x20002e9c   Data          20  tasks.o(.bss.xSuspendedTaskList)
    [Anonymous Symbol]                       0x20002e9c   Section        0  tasks.o(.bss.xSuspendedTaskList)
    xTickCount                               0x20002eb0   Data           4  tasks.o(.bss.xTickCount)
    [Anonymous Symbol]                       0x20002eb0   Section        0  tasks.o(.bss.xTickCount)
    xYieldPending                            0x20002eb4   Data           4  tasks.o(.bss.xYieldPending)
    [Anonymous Symbol]                       0x20002eb4   Section        0  tasks.o(.bss.xYieldPending)
    Heap_Mem                                 0x20002eb8   Data         512  startup_stm32g070xx.o(HEAP)
    HEAP                                     0x20002eb8   Section      512  startup_stm32g070xx.o(HEAP)
    Stack_Mem                                0x200030b8   Data        1024  startup_stm32g070xx.o(STACK)
    STACK                                    0x200030b8   Section     1024  startup_stm32g070xx.o(STACK)
    __initial_sp                             0x200034b8   Data           0  startup_stm32g070xx.o(STACK)

    Global Symbols

    Symbol Name                              Value     Ov Type        Size  Object(Section)

    BuildAttributes$$THM_ISAv3M$S$PE$A:L22$X:L11$S22$IEEE1$IW$~IW$USESV6$~STKCKD$USESV7$~SHL$OTIME$ROPI$IEEEJ$EBA8$UX$STANDARDLIB$REQ8$PRES8$EABIv2 0x00000000   Number         0  anon$$obj.o ABSOLUTE
    __ARM_exceptions_init                     - Undefined Weak Reference
    __alloca_initialize                       - Undefined Weak Reference
    __arm_preinit_                            - Undefined Weak Reference
    __arm_relocate_pie_                       - Undefined Weak Reference
    __cpp_initialize__aeabi_                  - Undefined Weak Reference
    __cxa_finalize                            - Undefined Weak Reference
    __rt_locale                               - Undefined Weak Reference
    __sigvec_lookup                           - Undefined Weak Reference
    _atexit_init                              - Undefined Weak Reference
    _call_atexit_fns                          - Undefined Weak Reference
    _clock_init                               - Undefined Weak Reference
    _fp_trap_init                             - Undefined Weak Reference
    _fp_trap_shutdown                         - Undefined Weak Reference
    _get_lc_collate                           - Undefined Weak Reference
    _get_lc_ctype                             - Undefined Weak Reference
    _get_lc_monetary                          - Undefined Weak Reference
    _get_lc_numeric                           - Undefined Weak Reference
    _get_lc_time                              - Undefined Weak Reference
    _getenv_init                              - Undefined Weak Reference
    _handle_redirection                       - Undefined Weak Reference
    _init_alloc                               - Undefined Weak Reference
    _init_user_alloc                          - Undefined Weak Reference
    _initio                                   - Undefined Weak Reference
    _rand_init                                - Undefined Weak Reference
    _signal_finish                            - Undefined Weak Reference
    _signal_init                              - Undefined Weak Reference
    _terminate_alloc                          - Undefined Weak Reference
    _terminate_user_alloc                     - Undefined Weak Reference
    _terminateio                              - Undefined Weak Reference
    __Vectors_Size                           0x000000b8   Number         0  startup_stm32g070xx.o ABSOLUTE
    __Vectors                                0x08000000   Data           4  startup_stm32g070xx.o(RESET)
    __Vectors_End                            0x080000b8   Data           0  startup_stm32g070xx.o(RESET)
    __main                                   0x080000b9   Thumb Code     8  __main.o(!!!main)
    __scatterload                            0x080000c1   Thumb Code     0  __scatter.o(!!!scatter)
    __scatterload_rt2                        0x080000c1   Thumb Code    52  __scatter.o(!!!scatter)
    __scatterload_rt2_thumb_only             0x080000c1   Thumb Code     0  __scatter.o(!!!scatter)
    __scatterload_null                       0x080000d1   Thumb Code     0  __scatter.o(!!!scatter)
    __scatterload_copy                       0x080000fd   Thumb Code    26  __scatter_copy.o(!!handler_copy)
    __scatterload_zeroinit                   0x08000119   Thumb Code    28  __scatter_zi.o(!!handler_zi)
    __rt_lib_init                            0x08000135   Thumb Code     0  libinit.o(.ARM.Collect$$libinit$$00000000)
    __rt_lib_init_alloca_1                   0x08000137   Thumb Code     0  libinit2.o(.ARM.Collect$$libinit$$00000030)
    __rt_lib_init_argv_1                     0x08000137   Thumb Code     0  libinit2.o(.ARM.Collect$$libinit$$0000002E)
    __rt_lib_init_atexit_1                   0x08000137   Thumb Code     0  libinit2.o(.ARM.Collect$$libinit$$0000001D)
    __rt_lib_init_clock_1                    0x08000137   Thumb Code     0  libinit2.o(.ARM.Collect$$libinit$$00000023)
    __rt_lib_init_cpp_1                      0x08000137   Thumb Code     0  libinit2.o(.ARM.Collect$$libinit$$00000034)
    __rt_lib_init_exceptions_1               0x08000137   Thumb Code     0  libinit2.o(.ARM.Collect$$libinit$$00000032)
    __rt_lib_init_fp_1                       0x08000137   Thumb Code     0  libinit2.o(.ARM.Collect$$libinit$$00000002)
    __rt_lib_init_fp_trap_1                  0x08000137   Thumb Code     0  libinit2.o(.ARM.Collect$$libinit$$00000021)
    __rt_lib_init_getenv_1                   0x08000137   Thumb Code     0  libinit2.o(.ARM.Collect$$libinit$$00000025)
    __rt_lib_init_heap_1                     0x08000137   Thumb Code     0  libinit2.o(.ARM.Collect$$libinit$$0000000C)
    __rt_lib_init_lc_collate_1               0x08000137   Thumb Code     0  libinit2.o(.ARM.Collect$$libinit$$00000013)
    __rt_lib_init_lc_ctype_1                 0x08000137   Thumb Code     0  libinit2.o(.ARM.Collect$$libinit$$00000015)
    __rt_lib_init_lc_monetary_1              0x08000137   Thumb Code     0  libinit2.o(.ARM.Collect$$libinit$$00000017)
    __rt_lib_init_lc_numeric_1               0x08000137   Thumb Code     0  libinit2.o(.ARM.Collect$$libinit$$00000019)
    __rt_lib_init_lc_time_1                  0x08000137   Thumb Code     0  libinit2.o(.ARM.Collect$$libinit$$0000001B)
    __rt_lib_init_preinit_1                  0x08000137   Thumb Code     0  libinit2.o(.ARM.Collect$$libinit$$00000006)
    __rt_lib_init_rand_1                     0x08000137   Thumb Code     0  libinit2.o(.ARM.Collect$$libinit$$00000010)
    __rt_lib_init_relocate_pie_1             0x08000137   Thumb Code     0  libinit2.o(.ARM.Collect$$libinit$$00000004)
    __rt_lib_init_return                     0x08000137   Thumb Code     0  libinit2.o(.ARM.Collect$$libinit$$00000035)
    __rt_lib_init_signal_1                   0x08000137   Thumb Code     0  libinit2.o(.ARM.Collect$$libinit$$0000001F)
    __rt_lib_init_stdio_1                    0x08000137   Thumb Code     0  libinit2.o(.ARM.Collect$$libinit$$00000027)
    __rt_lib_init_user_alloc_1               0x08000137   Thumb Code     0  libinit2.o(.ARM.Collect$$libinit$$0000000E)
    __rt_lib_shutdown                        0x08000139   Thumb Code     0  libshutdown.o(.ARM.Collect$$libshutdown$$00000000)
    __rt_lib_shutdown_cpp_1                  0x0800013b   Thumb Code     0  libshutdown2.o(.ARM.Collect$$libshutdown$$00000002)
    __rt_lib_shutdown_fp_trap_1              0x0800013b   Thumb Code     0  libshutdown2.o(.ARM.Collect$$libshutdown$$00000007)
    __rt_lib_shutdown_heap_1                 0x0800013b   Thumb Code     0  libshutdown2.o(.ARM.Collect$$libshutdown$$0000000F)
    __rt_lib_shutdown_return                 0x0800013b   Thumb Code     0  libshutdown2.o(.ARM.Collect$$libshutdown$$00000010)
    __rt_lib_shutdown_signal_1               0x0800013b   Thumb Code     0  libshutdown2.o(.ARM.Collect$$libshutdown$$0000000A)
    __rt_lib_shutdown_stdio_1                0x0800013b   Thumb Code     0  libshutdown2.o(.ARM.Collect$$libshutdown$$00000004)
    __rt_lib_shutdown_user_alloc_1           0x0800013b   Thumb Code     0  libshutdown2.o(.ARM.Collect$$libshutdown$$0000000C)
    __rt_entry                               0x0800013d   Thumb Code     0  __rtentry.o(.ARM.Collect$$rtentry$$00000000)
    __rt_entry_presh_1                       0x0800013d   Thumb Code     0  __rtentry2.o(.ARM.Collect$$rtentry$$00000002)
    __rt_entry_sh                            0x0800013d   Thumb Code     0  __rtentry4.o(.ARM.Collect$$rtentry$$00000004)
    __rt_entry_li                            0x08000143   Thumb Code     0  __rtentry2.o(.ARM.Collect$$rtentry$$0000000A)
    __rt_entry_postsh_1                      0x08000143   Thumb Code     0  __rtentry2.o(.ARM.Collect$$rtentry$$00000009)
    __rt_entry_main                          0x08000147   Thumb Code     0  __rtentry2.o(.ARM.Collect$$rtentry$$0000000D)
    __rt_entry_postli_1                      0x08000147   Thumb Code     0  __rtentry2.o(.ARM.Collect$$rtentry$$0000000C)
    __rt_exit                                0x0800014f   Thumb Code     0  rtexit.o(.ARM.Collect$$rtexit$$00000000)
    __rt_exit_ls                             0x08000151   Thumb Code     0  rtexit2.o(.ARM.Collect$$rtexit$$00000003)
    __rt_exit_prels_1                        0x08000151   Thumb Code     0  rtexit2.o(.ARM.Collect$$rtexit$$00000002)
    __rt_exit_exit                           0x08000155   Thumb Code     0  rtexit2.o(.ARM.Collect$$rtexit$$00000004)
    Reset_Handler                            0x0800015d   Thumb Code     8  startup_stm32g070xx.o(.text)
    ADC1_IRQHandler                          0x0800016f   Thumb Code     0  startup_stm32g070xx.o(.text)
    DMA1_Ch4_7_DMAMUX1_OVR_IRQHandler        0x0800016f   Thumb Code     0  startup_stm32g070xx.o(.text)
    DMA1_Channel1_IRQHandler                 0x0800016f   Thumb Code     0  startup_stm32g070xx.o(.text)
    DMA1_Channel2_3_IRQHandler               0x0800016f   Thumb Code     0  startup_stm32g070xx.o(.text)
    EXTI0_1_IRQHandler                       0x0800016f   Thumb Code     0  startup_stm32g070xx.o(.text)
    EXTI2_3_IRQHandler                       0x0800016f   Thumb Code     0  startup_stm32g070xx.o(.text)
    FLASH_IRQHandler                         0x0800016f   Thumb Code     0  startup_stm32g070xx.o(.text)
    I2C1_IRQHandler                          0x0800016f   Thumb Code     0  startup_stm32g070xx.o(.text)
    I2C2_IRQHandler                          0x0800016f   Thumb Code     0  startup_stm32g070xx.o(.text)
    RCC_IRQHandler                           0x0800016f   Thumb Code     0  startup_stm32g070xx.o(.text)
    RTC_TAMP_IRQHandler                      0x0800016f   Thumb Code     0  startup_stm32g070xx.o(.text)
    SPI1_IRQHandler                          0x0800016f   Thumb Code     0  startup_stm32g070xx.o(.text)
    SPI2_IRQHandler                          0x0800016f   Thumb Code     0  startup_stm32g070xx.o(.text)
    TIM14_IRQHandler                         0x0800016f   Thumb Code     0  startup_stm32g070xx.o(.text)
    TIM15_IRQHandler                         0x0800016f   Thumb Code     0  startup_stm32g070xx.o(.text)
    TIM16_IRQHandler                         0x0800016f   Thumb Code     0  startup_stm32g070xx.o(.text)
    TIM17_IRQHandler                         0x0800016f   Thumb Code     0  startup_stm32g070xx.o(.text)
    TIM1_BRK_UP_TRG_COM_IRQHandler           0x0800016f   Thumb Code     0  startup_stm32g070xx.o(.text)
    TIM1_CC_IRQHandler                       0x0800016f   Thumb Code     0  startup_stm32g070xx.o(.text)
    TIM3_IRQHandler                          0x0800016f   Thumb Code     0  startup_stm32g070xx.o(.text)
    TIM6_IRQHandler                          0x0800016f   Thumb Code     0  startup_stm32g070xx.o(.text)
    TIM7_IRQHandler                          0x0800016f   Thumb Code     0  startup_stm32g070xx.o(.text)
    USART1_IRQHandler                        0x0800016f   Thumb Code     0  startup_stm32g070xx.o(.text)
    USART2_IRQHandler                        0x0800016f   Thumb Code     0  startup_stm32g070xx.o(.text)
    USART3_4_IRQHandler                      0x0800016f   Thumb Code     0  startup_stm32g070xx.o(.text)
    WWDG_IRQHandler                          0x0800016f   Thumb Code     0  startup_stm32g070xx.o(.text)
    __user_initial_stackheap                 0x08000171   Thumb Code     0  startup_stm32g070xx.o(.text)
    _memset_w                                0x08000195   Thumb Code    26  rt_memclr.o(.text)
    _memset                                  0x080001af   Thumb Code    30  rt_memclr.o(.text)
    __aeabi_memclr                           0x080001cd   Thumb Code     4  rt_memclr.o(.text)
    __rt_memclr                              0x080001cd   Thumb Code     0  rt_memclr.o(.text)
    __aeabi_memclr4                          0x080001d1   Thumb Code     0  rt_memclr.o(.text)
    __aeabi_memclr8                          0x080001d1   Thumb Code     0  rt_memclr.o(.text)
    __rt_memclr_w                            0x080001d1   Thumb Code     4  rt_memclr.o(.text)
    __aeabi_uidiv                            0x080001d5   Thumb Code     0  aeabi_sdiv.o(.text)
    __aeabi_uidivmod                         0x080001d5   Thumb Code    20  aeabi_sdiv.o(.text)
    __aeabi_idiv                             0x080001e9   Thumb Code     0  aeabi_sdiv.o(.text)
    __aeabi_idivmod                          0x080001e9   Thumb Code   338  aeabi_sdiv.o(.text)
    __use_two_region_memory                  0x08000341   Thumb Code     2  heapauxi.o(.text)
    __rt_heap_escrow$2region                 0x08000343   Thumb Code     2  heapauxi.o(.text)
    __rt_heap_expand$2region                 0x08000345   Thumb Code     2  heapauxi.o(.text)
    __aeabi_d2f                              0x08000349   Thumb Code     0  d2f.o(.text)
    _d2f                                     0x08000349   Thumb Code   120  d2f.o(.text)
    __aeabi_dadd                             0x080006bd   Thumb Code     0  daddsub.o(.text)
    _dadd                                    0x080006bd   Thumb Code    26  daddsub.o(.text)
    __aeabi_dsub                             0x080006d7   Thumb Code     0  daddsub.o(.text)
    _dsub                                    0x080006d7   Thumb Code    22  daddsub.o(.text)
    __aeabi_drsub                            0x080006ed   Thumb Code     0  daddsub.o(.text)
    _drsb                                    0x080006ed   Thumb Code    28  daddsub.o(.text)
    __aeabi_dmul                             0x0800071d   Thumb Code     0  dmul.o(.text)
    _dmul                                    0x0800071d   Thumb Code   558  dmul.o(.text)
    __aeabi_f2d                              0x08000965   Thumb Code     0  f2d.o(.text)
    _f2d                                     0x08000965   Thumb Code    80  f2d.o(.text)
    __aeabi_fdiv                             0x080009b9   Thumb Code     0  fdiv.o(.text)
    _fdiv                                    0x080009b9   Thumb Code   334  fdiv.o(.text)
    _frdiv                                   0x08000b07   Thumb Code     8  fdiv.o(.text)
    __aeabi_i2f_normalise                    0x08000b19   Thumb Code    72  fflti.o(.text)
    __aeabi_i2f                              0x08000b61   Thumb Code    16  fflti.o(.text)
    _fflt                                    0x08000b61   Thumb Code     0  fflti.o(.text)
    __aeabi_ui2f                             0x08000b71   Thumb Code     6  fflti.o(.text)
    _ffltu                                   0x08000b71   Thumb Code     0  fflti.o(.text)
    __read_errno                             0x08000b77   Thumb Code    10  _rserrno.o(.text)
    __set_errno                              0x08000b81   Thumb Code    12  _rserrno.o(.text)
    _fsqrt                                   0x08000b8d   Thumb Code   140  fsqrt.o(.text)
    __aeabi_errno_addr                       0x08000c1d   Thumb Code     8  rt_errno_addr_intlibspace.o(.text)
    __errno$intlibspace                      0x08000c1d   Thumb Code     0  rt_errno_addr_intlibspace.o(.text)
    __rt_errno_addr$intlibspace              0x08000c1d   Thumb Code     0  rt_errno_addr_intlibspace.o(.text)
    __fpl_fcmp_InfNaN                        0x08000c25   Thumb Code    96  fcmpin.o(.text)
    __user_libspace                          0x08000c89   Thumb Code     8  libspace.o(.text)
    __user_perproc_libspace                  0x08000c89   Thumb Code     0  libspace.o(.text)
    __user_perthread_libspace                0x08000c89   Thumb Code     0  libspace.o(.text)
    __user_setup_stackheap                   0x08000c91   Thumb Code    62  sys_stackheap_outer.o(.text)
    exit                                     0x08000ccf   Thumb Code    16  exit.o(.text)
    __fpl_cmpreturn                          0x08000cdf   Thumb Code    46  cmpret.o(.text)
    __fpl_fcheck_NaN2                        0x08000d0d   Thumb Code    10  fnan2.o(.text)
    __fpl_return_NaN                         0x08000d1d   Thumb Code    94  retnan.o(.text)
    _sys_exit                                0x08000d7d   Thumb Code     8  sys_exit.o(.text)
    __I$use$semihosting                      0x08000d89   Thumb Code     0  use_no_semi.o(.text)
    __use_no_semihosting_swi                 0x08000d89   Thumb Code     2  use_no_semi.o(.text)
    __semihosting_library_function           0x08000d8b   Thumb Code     0  indicate_semi.o(.text)
    AC_Timer                                 0x08000d8d   Thumb Code    48  periphery.o(.text.AC_Timer)
    ADC_ConversionStop                       0x08000dc1   Thumb Code   142  stm32g0xx_hal_adc.o(.text.ADC_ConversionStop)
    ADC_Disable                              0x08000e4f   Thumb Code   196  stm32g0xx_hal_adc.o(.text.ADC_Disable)
    ADC_Enable                               0x08000f15   Thumb Code   256  stm32g0xx_hal_adc.o(.text.ADC_Enable)
    EXTI4_15_IRQHandler                      0x08001025   Thumb Code    12  stm32g0xx_it.o(.text.EXTI4_15_IRQHandler)
    Error_Handler                            0x08001031   Thumb Code    28  main.o(.text.Error_Handler)
    HAL_ADC_ConfigChannel                    0x08001051   Thumb Code  1120  stm32g0xx_hal_adc.o(.text.HAL_ADC_ConfigChannel)
    HAL_ADC_GetValue                         0x080014cd   Thumb Code    14  stm32g0xx_hal_adc.o(.text.HAL_ADC_GetValue)
    HAL_ADC_Init                             0x080014dd   Thumb Code   836  stm32g0xx_hal_adc.o(.text.HAL_ADC_Init)
    HAL_ADC_MspInit                          0x08001839   Thumb Code   104  adc.o(.text.HAL_ADC_MspInit)
    HAL_ADC_PollForConversion                0x080018ad   Thumb Code   326  stm32g0xx_hal_adc.o(.text.HAL_ADC_PollForConversion)
    HAL_ADC_Start                            0x080019f5   Thumb Code   168  stm32g0xx_hal_adc.o(.text.HAL_ADC_Start)
    HAL_ADC_Stop                             0x08001aa1   Thumb Code   128  stm32g0xx_hal_adc.o(.text.HAL_ADC_Stop)
    HAL_Delay                                0x08001b21   Thumb Code    64  stm32g0xx_hal.o(.text.HAL_Delay)
    HAL_GPIO_EXTI_Falling_Callback           0x08001b65   Thumb Code    44  gpio.o(.text.HAL_GPIO_EXTI_Falling_Callback)
    HAL_GPIO_EXTI_IRQHandler                 0x08001b95   Thumb Code    72  stm32g0xx_hal_gpio.o(.text.HAL_GPIO_EXTI_IRQHandler)
    HAL_GPIO_EXTI_Rising_Callback            0x08001be5   Thumb Code    10  stm32g0xx_hal_gpio.o(.text.HAL_GPIO_EXTI_Rising_Callback)
    HAL_GPIO_Init                            0x08001bf1   Thumb Code   688  stm32g0xx_hal_gpio.o(.text.HAL_GPIO_Init)
    HAL_GPIO_ReadPin                         0x08001ec1   Thumb Code    50  stm32g0xx_hal_gpio.o(.text.HAL_GPIO_ReadPin)
    HAL_GPIO_TogglePin                       0x08001ef3   Thumb Code    36  stm32g0xx_hal_gpio.o(.text.HAL_GPIO_TogglePin)
    HAL_GPIO_WritePin                        0x08001f17   Thumb Code    44  stm32g0xx_hal_gpio.o(.text.HAL_GPIO_WritePin)
    HAL_GetTick                              0x08001f45   Thumb Code     8  stm32g0xx_hal.o(.text.HAL_GetTick)
    HAL_I2CEx_ConfigAnalogFilter             0x08001f51   Thumb Code   150  stm32g0xx_hal_i2c_ex.o(.text.HAL_I2CEx_ConfigAnalogFilter)
    HAL_I2CEx_ConfigDigitalFilter            0x08001fe7   Thumb Code   160  stm32g0xx_hal_i2c_ex.o(.text.HAL_I2CEx_ConfigDigitalFilter)
    HAL_I2C_Init                             0x08002089   Thumb Code   284  stm32g0xx_hal_i2c.o(.text.HAL_I2C_Init)
    HAL_I2C_Mem_Write                        0x080021a9   Thumb Code   600  stm32g0xx_hal_i2c.o(.text.HAL_I2C_Mem_Write)
    HAL_I2C_MspInit                          0x08002405   Thumb Code   156  i2c.o(.text.HAL_I2C_MspInit)
    HAL_IncTick                              0x080024a9   Thumb Code    16  stm32g0xx_hal.o(.text.HAL_IncTick)
    HAL_Init                                 0x080024bd   Thumb Code    56  stm32g0xx_hal.o(.text.HAL_Init)
    HAL_InitTick                             0x080024f9   Thumb Code   120  stm32g0xx_hal.o(.text.HAL_InitTick)
    HAL_MspInit                              0x08002579   Thumb Code    76  stm32g0xx_hal_msp.o(.text.HAL_MspInit)
    HAL_NVIC_EnableIRQ                       0x080025cd   Thumb Code    22  stm32g0xx_hal_cortex.o(.text.HAL_NVIC_EnableIRQ)
    HAL_NVIC_SetPriority                     0x080025e3   Thumb Code    28  stm32g0xx_hal_cortex.o(.text.HAL_NVIC_SetPriority)
    HAL_PWREx_ControlVoltageScaling          0x08002601   Thumb Code   112  stm32g0xx_hal_pwr_ex.o(.text.HAL_PWREx_ControlVoltageScaling)
    HAL_RCCEx_PeriphCLKConfig                0x0800267d   Thumb Code   564  stm32g0xx_hal_rcc_ex.o(.text.HAL_RCCEx_PeriphCLKConfig)
    HAL_RCC_ClockConfig                      0x080028c5   Thumb Code   572  stm32g0xx_hal_rcc.o(.text.HAL_RCC_ClockConfig)
    HAL_RCC_GetHCLKFreq                      0x08002b19   Thumb Code     8  stm32g0xx_hal_rcc.o(.text.HAL_RCC_GetHCLKFreq)
    HAL_RCC_GetPCLK1Freq                     0x08002b25   Thumb Code    36  stm32g0xx_hal_rcc.o(.text.HAL_RCC_GetPCLK1Freq)
    HAL_RCC_GetSysClockFreq                  0x08002b4d   Thumb Code   268  stm32g0xx_hal_rcc.o(.text.HAL_RCC_GetSysClockFreq)
    HAL_RCC_OscConfig                        0x08002c6d   Thumb Code  1652  stm32g0xx_hal_rcc.o(.text.HAL_RCC_OscConfig)
    HAL_SPI_Init                             0x08003309   Thumb Code   344  stm32g0xx_hal_spi.o(.text.HAL_SPI_Init)
    HAL_SPI_MspInit                          0x08003465   Thumb Code   108  spi.o(.text.HAL_SPI_MspInit)
    HAL_SPI_Transmit                         0x080034dd   Thumb Code   688  stm32g0xx_hal_spi.o(.text.HAL_SPI_Transmit)
    HAL_SPI_TransmitReceive                  0x08003791   Thumb Code   948  stm32g0xx_hal_spi.o(.text.HAL_SPI_TransmitReceive)
    HAL_SYSCFG_StrobeDBattpinsConfig         0x08003b49   Thumb Code    24  stm32g0xx_hal.o(.text.HAL_SYSCFG_StrobeDBattpinsConfig)
    HAL_SYSTICK_Config                       0x08003b65   Thumb Code    16  stm32g0xx_hal_cortex.o(.text.HAL_SYSTICK_Config)
    HAL_UARTEx_DisableFifoMode               0x08003b75   Thumb Code   122  stm32g0xx_hal_uart_ex.o(.text.HAL_UARTEx_DisableFifoMode)
    HAL_UARTEx_SetRxFifoThreshold            0x08003bef   Thumb Code   144  stm32g0xx_hal_uart_ex.o(.text.HAL_UARTEx_SetRxFifoThreshold)
    HAL_UARTEx_SetTxFifoThreshold            0x08003c7f   Thumb Code   144  stm32g0xx_hal_uart_ex.o(.text.HAL_UARTEx_SetTxFifoThreshold)
    HAL_UART_Init                            0x08003d0f   Thumb Code   180  stm32g0xx_hal_uart.o(.text.HAL_UART_Init)
    HAL_UART_MspInit                         0x08003dc5   Thumb Code   152  usart.o(.text.HAL_UART_MspInit)
    HardFault_Handler                        0x08003e6d   Thumb Code     4  stm32g0xx_it.o(.text.HardFault_Handler)
    InitTemperatureSensors                   0x080043c9   Thumb Code    60  periphery.o(.text.InitTemperatureSensors)
    LED_Indicator                            0x08004415   Thumb Code     2  led.o(.text.LED_Indicator)
    MX_ADC1_Init                             0x0800460d   Thumb Code   120  adc.o(.text.MX_ADC1_Init)
    MX_FREERTOS_Init                         0x0800468d   Thumb Code   156  app_freertos.o(.text.MX_FREERTOS_Init)
    MX_GPIO_Init                             0x08004759   Thumb Code   444  gpio.o(.text.MX_GPIO_Init)
    MX_I2C1_Init                             0x08004931   Thumb Code    96  i2c.o(.text.MX_I2C1_Init)
    MX_SPI1_Init                             0x0800499d   Thumb Code    76  spi.o(.text.MX_SPI1_Init)
    MX_USART1_UART_Init                      0x080049f1   Thumb Code   120  usart.o(.text.MX_USART1_UART_Init)
    Max31865_Filter                          0x08004a71   Thumb Code    58  max31865.o(.text.Max31865_Filter)
    Max31865_autoConvert                     0x08004aab   Thumb Code    76  max31865.o(.text.Max31865_autoConvert)
    Max31865_clearFault                      0x08004af7   Thumb Code    50  max31865.o(.text.Max31865_clearFault)
    Max31865_delay                           0x08004b29   Thumb Code    16  max31865.o(.text.Max31865_delay)
    Max31865_enableBias                      0x08004b39   Thumb Code    76  max31865.o(.text.Max31865_enableBias)
    Max31865_init                            0x08004b85   Thumb Code   136  max31865.o(.text.Max31865_init)
    Max31865_readFault                       0x08004c0d   Thumb Code    26  max31865.o(.text.Max31865_readFault)
    Max31865_readRTD                         0x08004c27   Thumb Code    92  max31865.o(.text.Max31865_readRTD)
    Max31865_readRegister16                  0x08004c83   Thumb Code    62  max31865.o(.text.Max31865_readRegister16)
    Max31865_readRegister8                   0x08004cc1   Thumb Code    42  max31865.o(.text.Max31865_readRegister8)
    Max31865_readRegisterN                   0x08004ceb   Thumb Code   122  max31865.o(.text.Max31865_readRegisterN)
    Max31865_readTempC                       0x08004d65   Thumb Code   564  max31865.o(.text.Max31865_readTempC)
    Max31865_setFilter                       0x08004fdd   Thumb Code    76  max31865.o(.text.Max31865_setFilter)
    Max31865_setWires                        0x08005029   Thumb Code    76  max31865.o(.text.Max31865_setWires)
    Max31865_writeRegister8                  0x08005075   Thumb Code    86  max31865.o(.text.Max31865_writeRegister8)
    NMI_Handler                              0x080050cb   Thumb Code     4  stm32g0xx_it.o(.text.NMI_Handler)
    PendSV_Handler                           0x080050d1   Thumb Code    68  port.o(.text.PendSV_Handler)
    ReadAlarmPin                             0x08005115   Thumb Code    36  periphery.o(.text.ReadAlarmPin)
    ReadManualStartPin                       0x08005139   Thumb Code    36  periphery.o(.text.ReadManualStartPin)
    ReadOilLevelPin                          0x0800515d   Thumb Code    36  periphery.o(.text.ReadOilLevelPin)
    ReadOilTempJumpers                       0x08005185   Thumb Code    60  periphery.o(.text.ReadOilTempJumpers)
    ReadPhotoSensor                          0x080051c5   Thumb Code    72  periphery.o(.text.ReadPhotoSensor)
    ReadTemperatureSensors                   0x08005211   Thumb Code   100  periphery.o(.text.ReadTemperatureSensors)
    SVC_Handler                              0x080055a9   Thumb Code     2  port.o(.text.SVC_Handler)
    StartLCDTask                             0x080055ad   Thumb Code   112  app_freertos.o(.text.StartLCDTask)
    StartModbusTask                          0x08005625   Thumb Code    16  app_freertos.o(.text.StartModbusTask)
    StartOilHeatTask                         0x08005635   Thumb Code    16  app_freertos.o(.text.StartOilHeatTask)
    StartProcessTask                         0x08005645   Thumb Code    16  app_freertos.o(.text.StartProcessTask)
    StartSensorsTask                         0x08005655   Thumb Code    48  app_freertos.o(.text.StartSensorsTask)
    StartTaskLED                             0x08005685   Thumb Code    56  app_freertos.o(.text.StartTaskLED)
    SysTick_Handler                          0x08005711   Thumb Code    24  stm32g0xx_it.o(.text.SysTick_Handler)
    SystemClock_Config                       0x08005729   Thumb Code   122  main.o(.text.SystemClock_Config)
    SystemInit                               0x080057a3   Thumb Code     2  system_stm32g0xx.o(.text.SystemInit)
    UART_AdvFeatureConfig                    0x08005839   Thumb Code   346  stm32g0xx_hal_uart.o(.text.UART_AdvFeatureConfig)
    UART_CheckIdleState                      0x08005995   Thumb Code   348  stm32g0xx_hal_uart.o(.text.UART_CheckIdleState)
    UART_SetConfig                           0x08005bad   Thumb Code   844  stm32g0xx_hal_uart.o(.text.UART_SetConfig)
    UART_WaitOnFlagUntilTimeout              0x08005f1d   Thumb Code   264  stm32g0xx_hal_uart.o(.text.UART_WaitOnFlagUntilTimeout)
    main                                     0x080060fd   Thumb Code    48  main.o(.text.main)
    osDelay                                  0x08006157   Thumb Code    42  cmsis_os.o(.text.osDelay)
    osKernelStart                            0x08006181   Thumb Code    10  cmsis_os.o(.text.osKernelStart)
    osThreadCreate                           0x0800618b   Thumb Code    78  cmsis_os.o(.text.osThreadCreate)
    pvPortMalloc                             0x08006549   Thumb Code   124  heap_1.o(.text.pvPortMalloc)
    pxPortInitialiseStack                    0x080065d5   Thumb Code    72  port.o(.text.pxPortInitialiseStack)
    ssd1306_DrawPixel                        0x08006621   Thumb Code   140  ssd1306.o(.text.ssd1306_DrawPixel)
    ssd1306_Fill                             0x080066ad   Thumb Code    64  ssd1306.o(.text.ssd1306_Fill)
    ssd1306_Init                             0x080066ed   Thumb Code   212  ssd1306.o(.text.ssd1306_Init)
    ssd1306_SetCursor                        0x080067c1   Thumb Code    28  ssd1306.o(.text.ssd1306_SetCursor)
    ssd1306_UpdateScreen                     0x080067dd   Thumb Code    92  ssd1306.o(.text.ssd1306_UpdateScreen)
    ssd1306_WriteChar                        0x08006841   Thumb Code   240  ssd1306.o(.text.ssd1306_WriteChar)
    ssd1306_WriteString                      0x08006935   Thumb Code    96  ssd1306.o(.text.ssd1306_WriteString)
    ulSetInterruptMaskFromISR                0x08006995   Thumb Code     8  port.o(.text.ulSetInterruptMaskFromISR)
    uxListRemove                             0x0800699d   Thumb Code    72  list.o(.text.uxListRemove)
    vClearInterruptMaskFromISR               0x080069e5   Thumb Code     6  port.o(.text.vClearInterruptMaskFromISR)
    vListInitialise                          0x080069eb   Thumb Code    44  list.o(.text.vListInitialise)
    vListInitialiseItem                      0x08006a17   Thumb Code    14  list.o(.text.vListInitialiseItem)
    vListInsert                              0x08006a25   Thumb Code   108  list.o(.text.vListInsert)
    vListInsertEnd                           0x08006a91   Thumb Code    58  list.o(.text.vListInsertEnd)
    vPortEnterCritical                       0x08006acd   Thumb Code    20  port.o(.text.vPortEnterCritical)
    vPortExitCritical                        0x08006ae1   Thumb Code    40  port.o(.text.vPortExitCritical)
    vPortFree                                0x08006b09   Thumb Code    22  heap_1.o(.text.vPortFree)
    vPortSetupTimerInterrupt                 0x08006b21   Thumb Code    44  port.o(.text.vPortSetupTimerInterrupt)
    vPortYield                               0x08006b95   Thumb Code    20  port.o(.text.vPortYield)
    vTaskDelay                               0x08006ba9   Thumb Code    76  tasks.o(.text.vTaskDelay)
    vTaskStartScheduler                      0x08006bf5   Thumb Code    92  tasks.o(.text.vTaskStartScheduler)
    vTaskSuspendAll                          0x08006c5d   Thumb Code    12  tasks.o(.text.vTaskSuspendAll)
    vTaskSwitchContext                       0x08006c69   Thumb Code   136  tasks.o(.text.vTaskSwitchContext)
    xPortStartScheduler                      0x08006cf1   Thumb Code    56  port.o(.text.xPortStartScheduler)
    xPortSysTickHandler                      0x08006d31   Thumb Code    40  port.o(.text.xPortSysTickHandler)
    xTaskCreate                              0x08006d5d   Thumb Code   140  tasks.o(.text.xTaskCreate)
    xTaskGetSchedulerState                   0x08006de9   Thumb Code    48  tasks.o(.text.xTaskGetSchedulerState)
    xTaskIncrementTick                       0x08006e1d   Thumb Code   328  tasks.o(.text.xTaskIncrementTick)
    xTaskResumeAll                           0x08006f89   Thumb Code   276  tasks.o(.text.xTaskResumeAll)
    __aeabi_fcmplt                           0x080070bd   Thumb Code     0  fcmp.o(i._fls)
    _fls                                     0x080070bd   Thumb Code    22  fcmp.o(i._fls)
    sqrtf                                    0x080070d3   Thumb Code    44  sqrtf.o(i.sqrtf)
    __aeabi_fadd                             0x08007101   Thumb Code     0  faddsub.o(x$fpl$fadd)
    _fadd                                    0x08007101   Thumb Code   134  faddsub.o(x$fpl$fadd)
    __aeabi_cfcmple                          0x0800718d   Thumb Code     0  flef.o(x$fpl$fleqf)
    _fcmple                                  0x0800718d   Thumb Code    78  flef.o(x$fpl$fleqf)
    __aeabi_fmul                             0x080071e1   Thumb Code     0  fmul.o(x$fpl$fmul)
    _fmul                                    0x080071e1   Thumb Code   172  fmul.o(x$fpl$fmul)
    __aeabi_fsub                             0x08007291   Thumb Code     0  faddsub.o(x$fpl$fsub)
    _fsub                                    0x08007291   Thumb Code   204  faddsub.o(x$fpl$fsub)
    __I$use$fp                               0x08007360   Number         0  usenofp.o(x$fpl$usenofp)
    AHBPrescTable                            0x08007418   Data          64  system_stm32g0xx.o(.rodata.AHBPrescTable)
    APBPrescTable                            0x08007458   Data          32  system_stm32g0xx.o(.rodata.APBPrescTable)
    UARTPrescTable                           0x08007bf4   Data          24  stm32g0xx_hal_uart.o(.rodata.UARTPrescTable)
    Region$$Table$$Base                      0x08007c58   Number         0  anon$$obj.o(Region$$Table)
    Region$$Table$$Limit                     0x08007c78   Number         0  anon$$obj.o(Region$$Table)
    Font_7x10                                0x20000000   Data           8  fonts.o(.data.Font_7x10)
    SystemCoreClock                          0x20000008   Data           4  system_stm32g0xx.o(.data.SystemCoreClock)
    uwTickFreq                               0x2000000c   Data           1  stm32g0xx_hal.o(.data.uwTickFreq)
    uwTickPrio                               0x20000010   Data           4  stm32g0xx_hal.o(.data.uwTickPrio)
    __libspace_start                         0x20000018   Data          96  libspace.o(.bss)
    LCDTaskHandle                            0x20000078   Data           4  app_freertos.o(.bss.LCDTaskHandle)
    __temporary_stack_top$libspace           0x20000078   Data           0  libspace.o(.bss)
    LEDTaskHandle                            0x2000007c   Data           4  app_freertos.o(.bss.LEDTaskHandle)
    ModbusTaskHandle                         0x20000080   Data           4  app_freertos.o(.bss.ModbusTaskHandle)
    OilHeatTaskHandle                        0x20000084   Data           4  app_freertos.o(.bss.OilHeatTaskHandle)
    Per                                      0x20000088   Data          24  periphery.o(.bss.Per)
    ProcessTaskHandle                        0x200000a0   Data           4  app_freertos.o(.bss.ProcessTaskHandle)
    SensorsTaskHandle                        0x200000ac   Data           4  app_freertos.o(.bss.SensorsTaskHandle)
    hadc1                                    0x200004b8   Data         100  adc.o(.bss.hadc1)
    hi2c1                                    0x2000051c   Data          84  i2c.o(.bss.hi2c1)
    hspi1                                    0x20000570   Data         100  spi.o(.bss.hspi1)
    huart1                                   0x200005d4   Data         148  usart.o(.bss.huart1)
    pt100_a                                  0x20000668   Data          16  periphery.o(.bss.pt100_a)
    pt100_b                                  0x20000678   Data          16  periphery.o(.bss.pt100_b)
    pxCurrentTCB                             0x2000068c   Data           4  tasks.o(.bss.pxCurrentTCB)
    uwTick                                   0x20002e34   Data           4  stm32g0xx_hal.o(.bss.uwTick)



==============================================================================

Memory Map of the image

  Image Entry point : 0x080000b9

  Load Region LR_IROM1 (Base: 0x08000000, Size: 0x00007c90, Max: 0x00020000, ABSOLUTE)

    Execution Region ER_IROM1 (Exec base: 0x08000000, Load base: 0x08000000, Size: 0x00007c78, Max: 0x00020000, ABSOLUTE)

    Exec Addr    Load Addr    Size         Type   Attr      Idx    E Section Name        Object

    0x08000000   0x08000000   0x000000b8   Data   RO            3    RESET               startup_stm32g070xx.o
    0x080000b8   0x080000b8   0x00000008   Code   RO         1858  * !!!main             c_p.l(__main.o)
    0x080000c0   0x080000c0   0x0000003c   Code   RO         2096    !!!scatter          c_p.l(__scatter.o)
    0x080000fc   0x080000fc   0x0000001a   Code   RO         2098    !!handler_copy      c_p.l(__scatter_copy.o)
    0x08000116   0x08000116   0x00000002   PAD
    0x08000118   0x08000118   0x0000001c   Code   RO         2100    !!handler_zi        c_p.l(__scatter_zi.o)
    0x08000134   0x08000134   0x00000002   Code   RO         1954    .ARM.Collect$$libinit$$00000000  c_p.l(libinit.o)
    0x08000136   0x08000136   0x00000000   Code   RO         1969    .ARM.Collect$$libinit$$00000002  c_p.l(libinit2.o)
    0x08000136   0x08000136   0x00000000   Code   RO         1971    .ARM.Collect$$libinit$$00000004  c_p.l(libinit2.o)
    0x08000136   0x08000136   0x00000000   Code   RO         1973    .ARM.Collect$$libinit$$00000006  c_p.l(libinit2.o)
    0x08000136   0x08000136   0x00000000   Code   RO         1976    .ARM.Collect$$libinit$$0000000C  c_p.l(libinit2.o)
    0x08000136   0x08000136   0x00000000   Code   RO         1978    .ARM.Collect$$libinit$$0000000E  c_p.l(libinit2.o)
    0x08000136   0x08000136   0x00000000   Code   RO         1980    .ARM.Collect$$libinit$$00000010  c_p.l(libinit2.o)
    0x08000136   0x08000136   0x00000000   Code   RO         1983    .ARM.Collect$$libinit$$00000013  c_p.l(libinit2.o)
    0x08000136   0x08000136   0x00000000   Code   RO         1985    .ARM.Collect$$libinit$$00000015  c_p.l(libinit2.o)
    0x08000136   0x08000136   0x00000000   Code   RO         1987    .ARM.Collect$$libinit$$00000017  c_p.l(libinit2.o)
    0x08000136   0x08000136   0x00000000   Code   RO         1989    .ARM.Collect$$libinit$$00000019  c_p.l(libinit2.o)
    0x08000136   0x08000136   0x00000000   Code   RO         1991    .ARM.Collect$$libinit$$0000001B  c_p.l(libinit2.o)
    0x08000136   0x08000136   0x00000000   Code   RO         1993    .ARM.Collect$$libinit$$0000001D  c_p.l(libinit2.o)
    0x08000136   0x08000136   0x00000000   Code   RO         1995    .ARM.Collect$$libinit$$0000001F  c_p.l(libinit2.o)
    0x08000136   0x08000136   0x00000000   Code   RO         1997    .ARM.Collect$$libinit$$00000021  c_p.l(libinit2.o)
    0x08000136   0x08000136   0x00000000   Code   RO         1999    .ARM.Collect$$libinit$$00000023  c_p.l(libinit2.o)
    0x08000136   0x08000136   0x00000000   Code   RO         2001    .ARM.Collect$$libinit$$00000025  c_p.l(libinit2.o)
    0x08000136   0x08000136   0x00000000   Code   RO         2003    .ARM.Collect$$libinit$$00000027  c_p.l(libinit2.o)
    0x08000136   0x08000136   0x00000000   Code   RO         2007    .ARM.Collect$$libinit$$0000002E  c_p.l(libinit2.o)
    0x08000136   0x08000136   0x00000000   Code   RO         2009    .ARM.Collect$$libinit$$00000030  c_p.l(libinit2.o)
    0x08000136   0x08000136   0x00000000   Code   RO         2011    .ARM.Collect$$libinit$$00000032  c_p.l(libinit2.o)
    0x08000136   0x08000136   0x00000000   Code   RO         2013    .ARM.Collect$$libinit$$00000034  c_p.l(libinit2.o)
    0x08000136   0x08000136   0x00000002   Code   RO         2014    .ARM.Collect$$libinit$$00000035  c_p.l(libinit2.o)
    0x08000138   0x08000138   0x00000002   Code   RO         2051    .ARM.Collect$$libshutdown$$00000000  c_p.l(libshutdown.o)
    0x0800013a   0x0800013a   0x00000000   Code   RO         2079    .ARM.Collect$$libshutdown$$00000002  c_p.l(libshutdown2.o)
    0x0800013a   0x0800013a   0x00000000   Code   RO         2081    .ARM.Collect$$libshutdown$$00000004  c_p.l(libshutdown2.o)
    0x0800013a   0x0800013a   0x00000000   Code   RO         2084    .ARM.Collect$$libshutdown$$00000007  c_p.l(libshutdown2.o)
    0x0800013a   0x0800013a   0x00000000   Code   RO         2087    .ARM.Collect$$libshutdown$$0000000A  c_p.l(libshutdown2.o)
    0x0800013a   0x0800013a   0x00000000   Code   RO         2089    .ARM.Collect$$libshutdown$$0000000C  c_p.l(libshutdown2.o)
    0x0800013a   0x0800013a   0x00000000   Code   RO         2092    .ARM.Collect$$libshutdown$$0000000F  c_p.l(libshutdown2.o)
    0x0800013a   0x0800013a   0x00000002   Code   RO         2093    .ARM.Collect$$libshutdown$$00000010  c_p.l(libshutdown2.o)
    0x0800013c   0x0800013c   0x00000000   Code   RO         1897    .ARM.Collect$$rtentry$$00000000  c_p.l(__rtentry.o)
    0x0800013c   0x0800013c   0x00000000   Code   RO         1914    .ARM.Collect$$rtentry$$00000002  c_p.l(__rtentry2.o)
    0x0800013c   0x0800013c   0x00000006   Code   RO         1926    .ARM.Collect$$rtentry$$00000004  c_p.l(__rtentry4.o)
    0x08000142   0x08000142   0x00000000   Code   RO         1916    .ARM.Collect$$rtentry$$00000009  c_p.l(__rtentry2.o)
    0x08000142   0x08000142   0x00000004   Code   RO         1917    .ARM.Collect$$rtentry$$0000000A  c_p.l(__rtentry2.o)
    0x08000146   0x08000146   0x00000000   Code   RO         1919    .ARM.Collect$$rtentry$$0000000C  c_p.l(__rtentry2.o)
    0x08000146   0x08000146   0x00000008   Code   RO         1920    .ARM.Collect$$rtentry$$0000000D  c_p.l(__rtentry2.o)
    0x0800014e   0x0800014e   0x00000002   Code   RO         1960    .ARM.Collect$$rtexit$$00000000  c_p.l(rtexit.o)
    0x08000150   0x08000150   0x00000000   Code   RO         2022    .ARM.Collect$$rtexit$$00000002  c_p.l(rtexit2.o)
    0x08000150   0x08000150   0x00000004   Code   RO         2023    .ARM.Collect$$rtexit$$00000003  c_p.l(rtexit2.o)
    0x08000154   0x08000154   0x00000006   Code   RO         2024    .ARM.Collect$$rtexit$$00000004  c_p.l(rtexit2.o)
    0x0800015a   0x0800015a   0x00000002   PAD
    0x0800015c   0x0800015c   0x00000038   Code   RO            4    .text               startup_stm32g070xx.o
    0x08000194   0x08000194   0x00000040   Code   RO         1850    .text               c_p.l(rt_memclr.o)
    0x080001d4   0x080001d4   0x0000016c   Code   RO         1852    .text               c_p.l(aeabi_sdiv.o)
    0x08000340   0x08000340   0x00000006   Code   RO         1856    .text               c_p.l(heapauxi.o)
    0x08000346   0x08000346   0x00000002   PAD
    0x08000348   0x08000348   0x0000007c   Code   RO         1860    .text               fz_ps.l(d2f.o)
    0x080003c4   0x080003c4   0x00000358   Code   RO         1862    .text               fz_ps.l(daddsub.o)
    0x0800071c   0x0800071c   0x00000248   Code   RO         1864    .text               fz_ps.l(dmul.o)
    0x08000964   0x08000964   0x00000054   Code   RO         1866    .text               fz_ps.l(f2d.o)
    0x080009b8   0x080009b8   0x00000160   Code   RO         1886    .text               fz_ps.l(fdiv.o)
    0x08000b18   0x08000b18   0x0000005e   Code   RO         1889    .text               fz_ps.l(fflti.o)
    0x08000b76   0x08000b76   0x00000016   Code   RO         1902    .text               c_p.l(_rserrno.o)
    0x08000b8c   0x08000b8c   0x00000090   Code   RO         1910    .text               fz_ps.l(fsqrt.o)
    0x08000c1c   0x08000c1c   0x00000008   Code   RO         1933    .text               c_p.l(rt_errno_addr_intlibspace.o)
    0x08000c24   0x08000c24   0x00000064   Code   RO         1935    .text               fz_ps.l(fcmpin.o)
    0x08000c88   0x08000c88   0x00000008   Code   RO         1937    .text               c_p.l(libspace.o)
    0x08000c90   0x08000c90   0x0000003e   Code   RO         1940    .text               c_p.l(sys_stackheap_outer.o)
    0x08000cce   0x08000cce   0x00000010   Code   RO         1943    .text               c_p.l(exit.o)
    0x08000cde   0x08000cde   0x0000002e   Code   RO         1955    .text               fz_ps.l(cmpret.o)
    0x08000d0c   0x08000d0c   0x00000010   Code   RO         1957    .text               fz_ps.l(fnan2.o)
    0x08000d1c   0x08000d1c   0x0000005e   Code   RO         2015    .text               fz_ps.l(retnan.o)
    0x08000d7a   0x08000d7a   0x00000002   PAD
    0x08000d7c   0x08000d7c   0x0000000c   Code   RO         2017    .text               c_p.l(sys_exit.o)
    0x08000d88   0x08000d88   0x00000002   Code   RO         2040    .text               c_p.l(use_no_semi.o)
    0x08000d8a   0x08000d8a   0x00000000   Code   RO         2042    .text               c_p.l(indicate_semi.o)
    0x08000d8a   0x08000d8a   0x00000002   PAD
    0x08000d8c   0x08000d8c   0x00000034   Code   RO         1782    .text.AC_Timer      periphery.o
    0x08000dc0   0x08000dc0   0x0000008e   Code   RO          178    .text.ADC_ConversionStop  stm32g0xx_hal_adc.o
    0x08000e4e   0x08000e4e   0x000000c4   Code   RO          180    .text.ADC_Disable   stm32g0xx_hal_adc.o
    0x08000f12   0x08000f12   0x00000002   PAD
    0x08000f14   0x08000f14   0x00000110   Code   RO          188    .text.ADC_Enable    stm32g0xx_hal_adc.o
    0x08001024   0x08001024   0x0000000c   Code   RO          143    .text.EXTI4_15_IRQHandler  stm32g0xx_it.o
    0x08001030   0x08001030   0x00000020   Code   RO           26    .text.Error_Handler  main.o
    0x08001050   0x08001050   0x0000047c   Code   RO          230    .text.HAL_ADC_ConfigChannel  stm32g0xx_hal_adc.o
    0x080014cc   0x080014cc   0x0000000e   Code   RO          216    .text.HAL_ADC_GetValue  stm32g0xx_hal_adc.o
    0x080014da   0x080014da   0x00000002   PAD
    0x080014dc   0x080014dc   0x0000035c   Code   RO          160    .text.HAL_ADC_Init  stm32g0xx_hal_adc.o
    0x08001838   0x08001838   0x00000074   Code   RO           83    .text.HAL_ADC_MspInit  adc.o
    0x080018ac   0x080018ac   0x00000146   Code   RO          194    .text.HAL_ADC_PollForConversion  stm32g0xx_hal_adc.o
    0x080019f2   0x080019f2   0x00000002   PAD
    0x080019f4   0x080019f4   0x000000ac   Code   RO          186    .text.HAL_ADC_Start  stm32g0xx_hal_adc.o
    0x08001aa0   0x08001aa0   0x00000080   Code   RO          192    .text.HAL_ADC_Stop  stm32g0xx_hal_adc.o
    0x08001b20   0x08001b20   0x00000044   Code   RO          690    .text.HAL_Delay     stm32g0xx_hal.o
    0x08001b64   0x08001b64   0x00000030   Code   RO           38    .text.HAL_GPIO_EXTI_Falling_Callback  gpio.o
    0x08001b94   0x08001b94   0x00000050   Code   RO          473    .text.HAL_GPIO_EXTI_IRQHandler  stm32g0xx_hal_gpio.o
    0x08001be4   0x08001be4   0x0000000a   Code   RO          475    .text.HAL_GPIO_EXTI_Rising_Callback  stm32g0xx_hal_gpio.o
    0x08001bee   0x08001bee   0x00000002   PAD
    0x08001bf0   0x08001bf0   0x000002d0   Code   RO          461    .text.HAL_GPIO_Init  stm32g0xx_hal_gpio.o
    0x08001ec0   0x08001ec0   0x00000032   Code   RO          465    .text.HAL_GPIO_ReadPin  stm32g0xx_hal_gpio.o
    0x08001ef2   0x08001ef2   0x00000024   Code   RO          469    .text.HAL_GPIO_TogglePin  stm32g0xx_hal_gpio.o
    0x08001f16   0x08001f16   0x0000002c   Code   RO          467    .text.HAL_GPIO_WritePin  stm32g0xx_hal_gpio.o
    0x08001f42   0x08001f42   0x00000002   PAD
    0x08001f44   0x08001f44   0x0000000c   Code   RO          682    .text.HAL_GetTick   stm32g0xx_hal.o
    0x08001f50   0x08001f50   0x00000096   Code   RO          930    .text.HAL_I2CEx_ConfigAnalogFilter  stm32g0xx_hal_i2c_ex.o
    0x08001fe6   0x08001fe6   0x000000a0   Code   RO          932    .text.HAL_I2CEx_ConfigDigitalFilter  stm32g0xx_hal_i2c_ex.o
    0x08002086   0x08002086   0x00000002   PAD
    0x08002088   0x08002088   0x00000120   Code   RO          761    .text.HAL_I2C_Init  stm32g0xx_hal_i2c.o
    0x080021a8   0x080021a8   0x0000025c   Code   RO          825    .text.HAL_I2C_Mem_Write  stm32g0xx_hal_i2c.o
    0x08002404   0x08002404   0x000000a4   Code   RO           97    .text.HAL_I2C_MspInit  i2c.o
    0x080024a8   0x080024a8   0x00000014   Code   RO          680    .text.HAL_IncTick   stm32g0xx_hal.o
    0x080024bc   0x080024bc   0x0000003c   Code   RO          670    .text.HAL_Init      stm32g0xx_hal.o
    0x080024f8   0x080024f8   0x00000080   Code   RO          672    .text.HAL_InitTick  stm32g0xx_hal.o
    0x08002578   0x08002578   0x00000054   Code   RO          152    .text.HAL_MspInit   stm32g0xx_hal_msp.o
    0x080025cc   0x080025cc   0x00000016   Code   RO          615    .text.HAL_NVIC_EnableIRQ  stm32g0xx_hal_cortex.o
    0x080025e2   0x080025e2   0x0000001c   Code   RO          611    .text.HAL_NVIC_SetPriority  stm32g0xx_hal_cortex.o
    0x080025fe   0x080025fe   0x00000002   PAD
    0x08002600   0x08002600   0x0000007c   Code   RO          598    .text.HAL_PWREx_ControlVoltageScaling  stm32g0xx_hal_pwr_ex.o
    0x0800267c   0x0800267c   0x00000248   Code   RO          372    .text.HAL_RCCEx_PeriphCLKConfig  stm32g0xx_hal_rcc_ex.o
    0x080028c4   0x080028c4   0x00000254   Code   RO          335    .text.HAL_RCC_ClockConfig  stm32g0xx_hal_rcc.o
    0x08002b18   0x08002b18   0x0000000c   Code   RO          341    .text.HAL_RCC_GetHCLKFreq  stm32g0xx_hal_rcc.o
    0x08002b24   0x08002b24   0x00000028   Code   RO          343    .text.HAL_RCC_GetPCLK1Freq  stm32g0xx_hal_rcc.o
    0x08002b4c   0x08002b4c   0x00000120   Code   RO          337    .text.HAL_RCC_GetSysClockFreq  stm32g0xx_hal_rcc.o
    0x08002c6c   0x08002c6c   0x0000069c   Code   RO          333    .text.HAL_RCC_OscConfig  stm32g0xx_hal_rcc.o
    0x08003308   0x08003308   0x0000015c   Code   RO          949    .text.HAL_SPI_Init  stm32g0xx_hal_spi.o
    0x08003464   0x08003464   0x00000078   Code   RO          111    .text.HAL_SPI_MspInit  spi.o
    0x080034dc   0x080034dc   0x000002b4   Code   RO          957    .text.HAL_SPI_Transmit  stm32g0xx_hal_spi.o
    0x08003790   0x08003790   0x000003b8   Code   RO          963    .text.HAL_SPI_TransmitReceive  stm32g0xx_hal_spi.o
    0x08003b48   0x08003b48   0x0000001c   Code   RO          724    .text.HAL_SYSCFG_StrobeDBattpinsConfig  stm32g0xx_hal.o
    0x08003b64   0x08003b64   0x00000010   Code   RO          627    .text.HAL_SYSTICK_Config  stm32g0xx_hal_cortex.o
    0x08003b74   0x08003b74   0x0000007a   Code   RO         1248    .text.HAL_UARTEx_DisableFifoMode  stm32g0xx_hal_uart_ex.o
    0x08003bee   0x08003bee   0x00000090   Code   RO         1252    .text.HAL_UARTEx_SetRxFifoThreshold  stm32g0xx_hal_uart_ex.o
    0x08003c7e   0x08003c7e   0x00000090   Code   RO         1250    .text.HAL_UARTEx_SetTxFifoThreshold  stm32g0xx_hal_uart_ex.o
    0x08003d0e   0x08003d0e   0x000000b4   Code   RO         1078    .text.HAL_UART_Init  stm32g0xx_hal_uart.o
    0x08003dc2   0x08003dc2   0x00000002   PAD
    0x08003dc4   0x08003dc4   0x000000a8   Code   RO          125    .text.HAL_UART_MspInit  usart.o
    0x08003e6c   0x08003e6c   0x00000004   Code   RO          139    .text.HardFault_Handler  stm32g0xx_it.o
    0x08003e70   0x08003e70   0x00000040   Code   RO          785    .text.I2C_Flush_TXDR  stm32g0xx_hal_i2c.o
    0x08003eb0   0x08003eb0   0x000001f8   Code   RO          921    .text.I2C_IsErrorOccurred  stm32g0xx_hal_i2c.o
    0x080040a8   0x080040a8   0x000000bc   Code   RO          827    .text.I2C_RequestMemoryWrite  stm32g0xx_hal_i2c.o
    0x08004164   0x08004164   0x00000054   Code   RO          773    .text.I2C_TransferConfig  stm32g0xx_hal_i2c.o
    0x080041b8   0x080041b8   0x000000c2   Code   RO          771    .text.I2C_WaitOnFlagUntilTimeout  stm32g0xx_hal_i2c.o
    0x0800427a   0x0800427a   0x000000a0   Code   RO          777    .text.I2C_WaitOnSTOPFlagUntilTimeout  stm32g0xx_hal_i2c.o
    0x0800431a   0x0800431a   0x000000ac   Code   RO          775    .text.I2C_WaitOnTXISFlagUntilTimeout  stm32g0xx_hal_i2c.o
    0x080043c6   0x080043c6   0x00000002   PAD
    0x080043c8   0x080043c8   0x0000004c   Code   RO         1792    .text.InitTemperatureSensors  periphery.o
    0x08004414   0x08004414   0x00000002   Code   RO         1835    .text.LED_Indicator  led.o
    0x08004416   0x08004416   0x00000002   PAD
    0x08004418   0x08004418   0x00000018   Code   RO          206    .text.LL_ADC_Disable  stm32g0xx_hal_adc.o
    0x08004430   0x08004430   0x00000018   Code   RO          276    .text.LL_ADC_Enable  stm32g0xx_hal_adc.o
    0x08004448   0x08004448   0x0000001c   Code   RO          166    .text.LL_ADC_EnableInternalRegulator  stm32g0xx_hal_adc.o
    0x08004464   0x08004464   0x00000012   Code   RO          238    .text.LL_ADC_GetCommonPathInternalCh  stm32g0xx_hal_adc.o
    0x08004476   0x08004476   0x0000001c   Code   RO          174    .text.LL_ADC_GetSamplingTimeCommonChannels  stm32g0xx_hal_adc.o
    0x08004492   0x08004492   0x00000012   Code   RO          272    .text.LL_ADC_IsDisableOngoing  stm32g0xx_hal_adc.o
    0x080044a4   0x080044a4   0x00000010   Code   RO          170    .text.LL_ADC_IsEnabled  stm32g0xx_hal_adc.o
    0x080044b4   0x080044b4   0x00000014   Code   RO          164    .text.LL_ADC_IsInternalRegulatorEnabled  stm32g0xx_hal_adc.o
    0x080044c8   0x080044c8   0x00000012   Code   RO          168    .text.LL_ADC_REG_IsConversionOngoing  stm32g0xx_hal_adc.o
    0x080044da   0x080044da   0x00000016   Code   RO          196    .text.LL_ADC_REG_IsTriggerSourceSWStart  stm32g0xx_hal_adc.o
    0x080044f0   0x080044f0   0x0000001c   Code   RO          232    .text.LL_ADC_REG_SetSequencerChAdd  stm32g0xx_hal_adc.o
    0x0800450c   0x0800450c   0x00000020   Code   RO          242    .text.LL_ADC_REG_SetSequencerChRem  stm32g0xx_hal_adc.o
    0x0800452c   0x0800452c   0x0000002e   Code   RO          234    .text.LL_ADC_REG_SetSequencerRanks  stm32g0xx_hal_adc.o
    0x0800455a   0x0800455a   0x00000002   PAD
    0x0800455c   0x0800455c   0x00000018   Code   RO          190    .text.LL_ADC_REG_StartConversion  stm32g0xx_hal_adc.o
    0x08004574   0x08004574   0x0000001c   Code   RO          274    .text.LL_ADC_REG_StopConversion  stm32g0xx_hal_adc.o
    0x08004590   0x08004590   0x00000028   Code   RO          236    .text.LL_ADC_SetChannelSamplingTime  stm32g0xx_hal_adc.o
    0x080045b8   0x080045b8   0x0000001c   Code   RO          240    .text.LL_ADC_SetCommonPathInternalCh  stm32g0xx_hal_adc.o
    0x080045d4   0x080045d4   0x00000026   Code   RO          172    .text.LL_ADC_SetSamplingTimeCommonChannels  stm32g0xx_hal_adc.o
    0x080045fa   0x080045fa   0x00000002   PAD
    0x080045fc   0x080045fc   0x00000010   Code   RO          345    .text.LL_RCC_GetAPB1Prescaler  stm32g0xx_hal_rcc.o
    0x0800460c   0x0800460c   0x00000080   Code   RO           81    .text.MX_ADC1_Init  adc.o
    0x0800468c   0x0800468c   0x000000cc   Code   RO           47    .text.MX_FREERTOS_Init  app_freertos.o
    0x08004758   0x08004758   0x000001d8   Code   RO           36    .text.MX_GPIO_Init  gpio.o
    0x08004930   0x08004930   0x0000006c   Code   RO           95    .text.MX_I2C1_Init  i2c.o
    0x0800499c   0x0800499c   0x00000054   Code   RO          109    .text.MX_SPI1_Init  spi.o
    0x080049f0   0x080049f0   0x00000080   Code   RO          123    .text.MX_USART1_UART_Init  usart.o
    0x08004a70   0x08004a70   0x0000003a   Code   RO         1773    .text.Max31865_Filter  max31865.o
    0x08004aaa   0x08004aaa   0x0000004c   Code   RO         1759    .text.Max31865_autoConvert  max31865.o
    0x08004af6   0x08004af6   0x00000032   Code   RO         1755    .text.Max31865_clearFault  max31865.o
    0x08004b28   0x08004b28   0x00000010   Code   RO         1743    .text.Max31865_delay  max31865.o
    0x08004b38   0x08004b38   0x0000004c   Code   RO         1757    .text.Max31865_enableBias  max31865.o
    0x08004b84   0x08004b84   0x00000088   Code   RO         1767    .text.Max31865_init  max31865.o
    0x08004c0c   0x08004c0c   0x0000001a   Code   RO         1753    .text.Max31865_readFault  max31865.o
    0x08004c26   0x08004c26   0x0000005c   Code   RO         1765    .text.Max31865_readRTD  max31865.o
    0x08004c82   0x08004c82   0x0000003e   Code   RO         1749    .text.Max31865_readRegister16  max31865.o
    0x08004cc0   0x08004cc0   0x0000002a   Code   RO         1747    .text.Max31865_readRegister8  max31865.o
    0x08004cea   0x08004cea   0x0000007a   Code   RO         1745    .text.Max31865_readRegisterN  max31865.o
    0x08004d64   0x08004d64   0x00000278   Code   RO         1769    .text.Max31865_readTempC  max31865.o
    0x08004fdc   0x08004fdc   0x0000004c   Code   RO         1763    .text.Max31865_setFilter  max31865.o
    0x08005028   0x08005028   0x0000004c   Code   RO         1761    .text.Max31865_setWires  max31865.o
    0x08005074   0x08005074   0x00000056   Code   RO         1751    .text.Max31865_writeRegister8  max31865.o
    0x080050ca   0x080050ca   0x00000004   Code   RO          137    .text.NMI_Handler   stm32g0xx_it.o
    0x080050ce   0x080050ce   0x00000002   PAD
    0x080050d0   0x080050d0   0x00000044   Code   RO         1731    .text.PendSV_Handler  port.o
    0x08005114   0x08005114   0x00000024   Code   RO         1788    .text.ReadAlarmPin  periphery.o
    0x08005138   0x08005138   0x00000024   Code   RO         1790    .text.ReadManualStartPin  periphery.o
    0x0800515c   0x0800515c   0x00000028   Code   RO         1786    .text.ReadOilLevelPin  periphery.o
    0x08005184   0x08005184   0x00000040   Code   RO         1784    .text.ReadOilTempJumpers  periphery.o
    0x080051c4   0x080051c4   0x0000004c   Code   RO         1796    .text.ReadPhotoSensor  periphery.o
    0x08005210   0x08005210   0x00000080   Code   RO         1794    .text.ReadTemperatureSensors  periphery.o
    0x08005290   0x08005290   0x00000096   Code   RO          959    .text.SPI_EndRxTxTransaction  stm32g0xx_hal_spi.o
    0x08005326   0x08005326   0x00000002   PAD
    0x08005328   0x08005328   0x00000150   Code   RO         1015    .text.SPI_WaitFifoStateUntilTimeout  stm32g0xx_hal_spi.o
    0x08005478   0x08005478   0x00000130   Code   RO         1017    .text.SPI_WaitFlagStateUntilTimeout  stm32g0xx_hal_spi.o
    0x080055a8   0x080055a8   0x00000002   Code   RO         1711    .text.SVC_Handler   port.o
    0x080055aa   0x080055aa   0x00000002   PAD
    0x080055ac   0x080055ac   0x00000078   Code   RO           49    .text.StartLCDTask  app_freertos.o
    0x08005624   0x08005624   0x00000010   Code   RO           57    .text.StartModbusTask  app_freertos.o
    0x08005634   0x08005634   0x00000010   Code   RO           51    .text.StartOilHeatTask  app_freertos.o
    0x08005644   0x08005644   0x00000010   Code   RO           53    .text.StartProcessTask  app_freertos.o
    0x08005654   0x08005654   0x00000030   Code   RO           55    .text.StartSensorsTask  app_freertos.o
    0x08005684   0x08005684   0x0000003c   Code   RO           59    .text.StartTaskLED  app_freertos.o
    0x080056c0   0x080056c0   0x00000050   Code   RO          629    .text.SysTick_Config  stm32g0xx_hal_cortex.o
    0x08005710   0x08005710   0x00000018   Code   RO          141    .text.SysTick_Handler  stm32g0xx_it.o
    0x08005728   0x08005728   0x0000007a   Code   RO           24    .text.SystemClock_Config  main.o
    0x080057a2   0x080057a2   0x00000002   Code   RO         1271    .text.SystemInit    system_stm32g0xx.o
    0x080057a4   0x080057a4   0x00000094   Code   RO         1246    .text.UARTEx_SetNbDataToProcess  stm32g0xx_hal_uart_ex.o
    0x08005838   0x08005838   0x0000015a   Code   RO         1082    .text.UART_AdvFeatureConfig  stm32g0xx_hal_uart.o
    0x08005992   0x08005992   0x00000002   PAD
    0x08005994   0x08005994   0x00000160   Code   RO         1086    .text.UART_CheckIdleState  stm32g0xx_hal_uart.o
    0x08005af4   0x08005af4   0x000000b8   Code   RO         1138    .text.UART_EndRxTransfer  stm32g0xx_hal_uart.o
    0x08005bac   0x08005bac   0x00000370   Code   RO         1084    .text.UART_SetConfig  stm32g0xx_hal_uart.o
    0x08005f1c   0x08005f1c   0x00000108   Code   RO         1100    .text.UART_WaitOnFlagUntilTimeout  stm32g0xx_hal_uart.o
    0x08006024   0x08006024   0x00000028   Code   RO         1812    .text._ZL20ssd1306_WriteCommandh  ssd1306.o
    0x0800604c   0x0800604c   0x0000002c   Code   RO          617    .text.__NVIC_EnableIRQ  stm32g0xx_hal_cortex.o
    0x08006078   0x08006078   0x00000084   Code   RO          613    .text.__NVIC_SetPriority  stm32g0xx_hal_cortex.o
    0x080060fc   0x080060fc   0x00000030   Code   RO           22    .text.main          main.o
    0x0800612c   0x0800612c   0x0000002a   Code   RO         1579    .text.makeFreeRtosPriority  cmsis_os.o
    0x08006156   0x08006156   0x0000002a   Code   RO         1593    .text.osDelay       cmsis_os.o
    0x08006180   0x08006180   0x0000000a   Code   RO         1569    .text.osKernelStart  cmsis_os.o
    0x0800618a   0x0800618a   0x0000004e   Code   RO         1577    .text.osThreadCreate  cmsis_os.o
    0x080061d8   0x080061d8   0x0000009c   Code   RO         1453    .text.prvAddCurrentTaskToDelayedList  tasks.o
    0x08006274   0x08006274   0x000000d4   Code   RO         1447    .text.prvAddNewTaskToReadyList  tasks.o
    0x08006348   0x08006348   0x00000002   Code   RO         1539    .text.prvCheckTasksWaitingTermination  tasks.o
    0x0800634a   0x0800634a   0x00000002   PAD
    0x0800634c   0x0800634c   0x00000020   Code   RO         1477    .text.prvIdleTask   tasks.o
    0x0800636c   0x0800636c   0x00000104   Code   RO         1445    .text.prvInitialiseNewTask  tasks.o
    0x08006470   0x08006470   0x00000070   Code   RO         1537    .text.prvInitialiseTaskLists  tasks.o
    0x080064e0   0x080064e0   0x00000038   Code   RO         1465    .text.prvResetNextTaskUnblockTime  tasks.o
    0x08006518   0x08006518   0x00000030   Code   RO         1709    .text.prvTaskExitError  port.o
    0x08006548   0x08006548   0x0000008c   Code   RO         1689    .text.pvPortMalloc  heap_1.o
    0x080065d4   0x080065d4   0x0000004c   Code   RO         1707    .text.pxPortInitialiseStack  port.o
    0x08006620   0x08006620   0x0000008c   Code   RO         1818    .text.ssd1306_DrawPixel  ssd1306.o
    0x080066ac   0x080066ac   0x00000040   Code   RO         1814    .text.ssd1306_Fill  ssd1306.o
    0x080066ec   0x080066ec   0x000000d4   Code   RO         1810    .text.ssd1306_Init  ssd1306.o
    0x080067c0   0x080067c0   0x0000001c   Code   RO         1824    .text.ssd1306_SetCursor  ssd1306.o
    0x080067dc   0x080067dc   0x00000064   Code   RO         1816    .text.ssd1306_UpdateScreen  ssd1306.o
    0x08006840   0x08006840   0x000000f4   Code   RO         1820    .text.ssd1306_WriteChar  ssd1306.o
    0x08006934   0x08006934   0x00000060   Code   RO         1822    .text.ssd1306_WriteString  ssd1306.o
    0x08006994   0x08006994   0x00000008   Code   RO         1727    .text.ulSetInterruptMaskFromISR  port.o
    0x0800699c   0x0800699c   0x00000048   Code   RO         1321    .text.uxListRemove  list.o
    0x080069e4   0x080069e4   0x00000006   Code   RO         1729    .text.vClearInterruptMaskFromISR  port.o
    0x080069ea   0x080069ea   0x0000002c   Code   RO         1313    .text.vListInitialise  list.o
    0x08006a16   0x08006a16   0x0000000e   Code   RO         1315    .text.vListInitialiseItem  list.o
    0x08006a24   0x08006a24   0x0000006c   Code   RO         1319    .text.vListInsert   list.o
    0x08006a90   0x08006a90   0x0000003a   Code   RO         1317    .text.vListInsertEnd  list.o
    0x08006aca   0x08006aca   0x00000002   PAD
    0x08006acc   0x08006acc   0x00000014   Code   RO         1723    .text.vPortEnterCritical  port.o
    0x08006ae0   0x08006ae0   0x00000028   Code   RO         1725    .text.vPortExitCritical  port.o
    0x08006b08   0x08006b08   0x00000016   Code   RO         1691    .text.vPortFree     heap_1.o
    0x08006b1e   0x08006b1e   0x00000002   PAD
    0x08006b20   0x08006b20   0x0000003c   Code   RO         1715    .text.vPortSetupTimerInterrupt  port.o
    0x08006b5c   0x08006b5c   0x00000004   PAD
    0x08006b60   0x08006b60   0x00000034   Code   RO         1717    .text.vPortStartFirstTask  port.o
    0x08006b94   0x08006b94   0x00000014   Code   RO         1721    .text.vPortYield    port.o
    0x08006ba8   0x08006ba8   0x0000004c   Code   RO         1449    .text.vTaskDelay    tasks.o
    0x08006bf4   0x08006bf4   0x00000068   Code   RO         1475    .text.vTaskStartScheduler  tasks.o
    0x08006c5c   0x08006c5c   0x0000000c   Code   RO         1451    .text.vTaskSuspendAll  tasks.o
    0x08006c68   0x08006c68   0x00000088   Code   RO         1467    .text.vTaskSwitchContext  tasks.o
    0x08006cf0   0x08006cf0   0x00000040   Code   RO         1713    .text.xPortStartScheduler  port.o
    0x08006d30   0x08006d30   0x0000002c   Code   RO         1733    .text.xPortSysTickHandler  port.o
    0x08006d5c   0x08006d5c   0x0000008c   Code   RO         1443    .text.xTaskCreate   tasks.o
    0x08006de8   0x08006de8   0x00000034   Code   RO         1511    .text.xTaskGetSchedulerState  tasks.o
    0x08006e1c   0x08006e1c   0x0000016c   Code   RO         1481    .text.xTaskIncrementTick  tasks.o
    0x08006f88   0x08006f88   0x00000134   Code   RO         1455    .text.xTaskResumeAll  tasks.o
    0x080070bc   0x080070bc   0x00000016   Code   RO         1878    i._fls              fz_ps.l(fcmp.o)
    0x080070d2   0x080070d2   0x0000002c   Code   RO         1894    i.sqrtf             m_ps.l(sqrtf.o)
    0x080070fe   0x080070fe   0x00000002   PAD
    0x08007100   0x08007100   0x0000008c   Code   RO         1868    x$fpl$fadd          fz_ps.l(faddsub.o)
    0x0800718c   0x0800718c   0x00000054   Code   RO         1908    x$fpl$fleqf         fz_ps.l(flef.o)
    0x080071e0   0x080071e0   0x000000b0   Code   RO         1891    x$fpl$fmul          fz_ps.l(fmul.o)
    0x08007290   0x08007290   0x000000d0   Code   RO         1870    x$fpl$fsub          fz_ps.l(faddsub.o)
    0x08007360   0x08007360   0x00000000   Code   RO         1912    x$fpl$usenofp       fz_ps.l(usenofp.o)
    0x08007360   0x08007360   0x00000040   Data   RO         1887    .constdata          fz_ps.l(fdiv.o)
    0x080073a0   0x080073a0   0x00000014   Data   RO           62    .rodata..L__const.MX_FREERTOS_Init.os_thread_def_LCDTask  app_freertos.o
    0x080073b4   0x080073b4   0x00000014   Data   RO           72    .rodata..L__const.MX_FREERTOS_Init.os_thread_def_LEDTask  app_freertos.o
    0x080073c8   0x080073c8   0x00000014   Data   RO           70    .rodata..L__const.MX_FREERTOS_Init.os_thread_def_ModbusTask  app_freertos.o
    0x080073dc   0x080073dc   0x00000014   Data   RO           64    .rodata..L__const.MX_FREERTOS_Init.os_thread_def_OilHeatTask  app_freertos.o
    0x080073f0   0x080073f0   0x00000014   Data   RO           66    .rodata..L__const.MX_FREERTOS_Init.os_thread_def_ProcessTask  app_freertos.o
    0x08007404   0x08007404   0x00000014   Data   RO           68    .rodata..L__const.MX_FREERTOS_Init.os_thread_def_SensorsTask  app_freertos.o
    0x08007418   0x08007418   0x00000040   Data   RO         1276    .rodata.AHBPrescTable  system_stm32g0xx.o
    0x08007458   0x08007458   0x00000020   Data   RO         1277    .rodata.APBPrescTable  system_stm32g0xx.o
    0x08007478   0x08007478   0x0000076c   Data   RO           11    .rodata.Font7x10    fonts.o
    0x08007be4   0x08007be4   0x00000008   Data   RO         1263    .rodata.UARTEx_SetNbDataToProcess.denominator  stm32g0xx_hal_uart_ex.o
    0x08007bec   0x08007bec   0x00000008   Data   RO         1262    .rodata.UARTEx_SetNbDataToProcess.numerator  stm32g0xx_hal_uart_ex.o
    0x08007bf4   0x08007bf4   0x00000018   Data   RO         1218    .rodata.UARTPrescTable  stm32g0xx_hal_uart.o
    0x08007c0c   0x08007c0c   0x00000047   Data   RO           61    .rodata.str1.1      app_freertos.o
    0x08007c53   0x08007c53   0x00000005   Data   RO         1549    .rodata.str1.1      tasks.o
    0x08007c58   0x08007c58   0x00000020   Data   RO         2095    Region$$Table       anon$$obj.o


    Execution Region RW_IRAM1 (Exec base: 0x20000000, Load base: 0x08007c78, Size: 0x000034b8, Max: 0x00009000, ABSOLUTE)

    Exec Addr    Load Addr    Size         Type   Attr      Idx    E Section Name        Object

    0x20000000   0x08007c78   0x00000008   Data   RW           12    .data.Font_7x10     fonts.o
    0x20000008   0x08007c80   0x00000004   Data   RW         1275    .data.SystemCoreClock  system_stm32g0xx.o
    0x2000000c   0x08007c84   0x00000001   Data   RW          727    .data.uwTickFreq    stm32g0xx_hal.o
    0x2000000d   0x08007c85   0x00000003   PAD
    0x20000010   0x08007c88   0x00000004   Data   RW          726    .data.uwTickPrio    stm32g0xx_hal.o
    0x20000014   0x08007c8c   0x00000004   Data   RW         1735    .data.uxCriticalNesting  port.o
    0x20000018        -       0x00000060   Zero   RW         1938    .bss                c_p.l(libspace.o)
    0x20000078        -       0x00000004   Zero   RW           63    .bss.LCDTaskHandle  app_freertos.o
    0x2000007c        -       0x00000004   Zero   RW           73    .bss.LEDTaskHandle  app_freertos.o
    0x20000080        -       0x00000004   Zero   RW           71    .bss.ModbusTaskHandle  app_freertos.o
    0x20000084        -       0x00000004   Zero   RW           65    .bss.OilHeatTaskHandle  app_freertos.o
    0x20000088        -       0x00000018   Zero   RW         1798    .bss.Per            periphery.o
    0x200000a0        -       0x00000004   Zero   RW           67    .bss.ProcessTaskHandle  app_freertos.o
    0x200000a4        -       0x00000004   Zero   RW         1801    .bss.ReadTemperatureSensors.CoolantTemperature  periphery.o
    0x200000a8        -       0x00000004   Zero   RW         1802    .bss.ReadTemperatureSensors.OilTemperature  periphery.o
    0x200000ac        -       0x00000004   Zero   RW           69    .bss.SensorsTaskHandle  app_freertos.o
    0x200000b0        -       0x00000400   Zero   RW         1827    .bss._ZL14SSD1306_Buffer  ssd1306.o
    0x200004b0        -       0x00000006   Zero   RW         1826    .bss._ZL7SSD1306    ssd1306.o
    0x200004b6   0x08007c90   0x00000002   PAD
    0x200004b8        -       0x00000064   Zero   RW           87    .bss.hadc1          adc.o
    0x2000051c        -       0x00000054   Zero   RW          101    .bss.hi2c1          i2c.o
    0x20000570        -       0x00000064   Zero   RW          115    .bss.hspi1          spi.o
    0x200005d4        -       0x00000094   Zero   RW          129    .bss.huart1         usart.o
    0x20000668        -       0x00000010   Zero   RW         1799    .bss.pt100_a        periphery.o
    0x20000678        -       0x00000010   Zero   RW         1800    .bss.pt100_b        periphery.o
    0x20000688        -       0x00000004   Zero   RW         1697    .bss.pvPortMalloc.pucAlignedHeap  heap_1.o
    0x2000068c        -       0x00000004   Zero   RW         1541    .bss.pxCurrentTCB   tasks.o
    0x20000690        -       0x00000004   Zero   RW         1555    .bss.pxDelayedTaskList  tasks.o
    0x20000694        -       0x00000004   Zero   RW         1556    .bss.pxOverflowDelayedTaskList  tasks.o
    0x20000698        -       0x0000008c   Zero   RW         1543    .bss.pxReadyTasksLists  tasks.o
    0x20000724        -       0x00002710   Zero   RW         1698    .bss.ucHeap         heap_1.o
    0x20002e34        -       0x00000004   Zero   RW          728    .bss.uwTick         stm32g0xx_hal.o
    0x20002e38        -       0x00000004   Zero   RW         1547    .bss.uxCurrentNumberOfTasks  tasks.o
    0x20002e3c        -       0x00000004   Zero   RW         1542    .bss.uxSchedulerSuspended  tasks.o
    0x20002e40        -       0x00000004   Zero   RW         1558    .bss.uxTaskNumber   tasks.o
    0x20002e44        -       0x00000004   Zero   RW         1544    .bss.uxTopReadyPriority  tasks.o
    0x20002e48        -       0x00000014   Zero   RW         1559    .bss.xDelayedTaskList1  tasks.o
    0x20002e5c        -       0x00000014   Zero   RW         1560    .bss.xDelayedTaskList2  tasks.o
    0x20002e70        -       0x00000004   Zero   RW         1550    .bss.xIdleTaskHandle  tasks.o
    0x20002e74        -       0x00000004   Zero   RW         1699    .bss.xNextFreeByte  heap_1.o
    0x20002e78        -       0x00000004   Zero   RW         1551    .bss.xNextTaskUnblockTime  tasks.o
    0x20002e7c        -       0x00000004   Zero   RW         1557    .bss.xNumOfOverflows  tasks.o
    0x20002e80        -       0x00000004   Zero   RW         1554    .bss.xPendedTicks   tasks.o
    0x20002e84        -       0x00000014   Zero   RW         1548    .bss.xPendingReadyList  tasks.o
    0x20002e98        -       0x00000004   Zero   RW         1546    .bss.xSchedulerRunning  tasks.o
    0x20002e9c        -       0x00000014   Zero   RW         1545    .bss.xSuspendedTaskList  tasks.o
    0x20002eb0        -       0x00000004   Zero   RW         1552    .bss.xTickCount     tasks.o
    0x20002eb4        -       0x00000004   Zero   RW         1553    .bss.xYieldPending  tasks.o
    0x20002eb8        -       0x00000200   Zero   RW            2    HEAP                startup_stm32g070xx.o
    0x200030b8        -       0x00000400   Zero   RW            1    STACK               startup_stm32g070xx.o


==============================================================================

Image component sizes


      Code (inc. data)   RO Data    RW Data    ZI Data      Debug   Object Name

       244         20          0          0        100       5338   adc.o
       480         60        191          0         24       3295   app_freertos.o
       172          0          0          0          0      14329   cmsis_os.o
         0          0       1900          8          0        855   fonts.o
       520         32          0          0          0       3059   gpio.o
       162         16          0          0      10008       1400   heap_1.o
       272         20          0          0         84       5597   i2c.o
         2          0          0          0          0        348   led.o
       296          0          0          0          0       2210   list.o
       202          4          0          0          0       2149   main.o
      1626         68          0          0          0       7414   max31865.o
       508         60          0          0         64       5784   periphery.o
       508         44          0          4          0       2622   port.o
       204         20          0          0        100       5016   spi.o
       924         16          0          0       1030       3888   ssd1306.o
        56         26        184          0       1536        624   startup_stm32g070xx.o
       316         28          0          5          4       6401   stm32g0xx_hal.o
      3738         92          0          0          0      17204   stm32g0xx_hal_adc.o
       322         24          0          0          0       6363   stm32g0xx_hal_cortex.o
       940         40          0          0          0       4372   stm32g0xx_hal_gpio.o
      2258         24          0          0          0      38185   stm32g0xx_hal_i2c.o
       310          0          0          0          0       5851   stm32g0xx_hal_i2c_ex.o
        84          8          0          0          0       1961   stm32g0xx_hal_msp.o
       124         12          0          0          0       3950   stm32g0xx_hal_pwr_ex.o
      2644        124          0          0          0       8888   stm32g0xx_hal_rcc.o
       584         20          0          0          0       5577   stm32g0xx_hal_rcc_ex.o
      2782         16          0          0          0      21505   stm32g0xx_hal_spi.o
      2206        184         24          0          0      41050   stm32g0xx_hal_uart.o
       558          8         16          0          0       9745   stm32g0xx_hal_uart_ex.o
        44          0          0          0          0        899   stm32g0xx_it.o
         2          0         96          4          0       1871   system_stm32g0xx.o
      2022        140          5          0        276      16188   tasks.o
       296         24          0          0        148       5737   usart.o

    ----------------------------------------------------------------------
     25448       1134       2448         24      13376     259675   Object Totals
         0          0         32          0          0          0   (incl. Generated)
        42          4          0          3          2          0   (incl. Padding)

    ----------------------------------------------------------------------

      Code (inc. data)   RO Data    RW Data    ZI Data      Debug   Library Member Name

         8          0          0          0          0         68   __main.o
         0          0          0          0          0          0   __rtentry.o
        12          0          0          0          0          0   __rtentry2.o
         6          0          0          0          0          0   __rtentry4.o
        60          8          0          0          0          0   __scatter.o
        26          0          0          0          0          0   __scatter_copy.o
        28          0          0          0          0          0   __scatter_zi.o
        22          0          0          0          0         92   _rserrno.o
       364          4          0          0          0         92   aeabi_sdiv.o
        16          0          0          0          0         68   exit.o
         6          0          0          0          0        136   heapauxi.o
         0          0          0          0          0          0   indicate_semi.o
         2          0          0          0          0          0   libinit.o
         2          0          0          0          0          0   libinit2.o
         2          0          0          0          0          0   libshutdown.o
         2          0          0          0          0          0   libshutdown2.o
         8          4          0          0         96         68   libspace.o
         8          4          0          0          0         68   rt_errno_addr_intlibspace.o
        64          0          0          0          0        108   rt_memclr.o
         2          0          0          0          0          0   rtexit.o
        10          0          0          0          0          0   rtexit2.o
        12          4          0          0          0         60   sys_exit.o
        62          0          0          0          0         80   sys_stackheap_outer.o
         2          0          0          0          0         68   use_no_semi.o
        46          0          0          0          0         60   cmpret.o
       124          4          0          0          0         72   d2f.o
       856         20          0          0          0        208   daddsub.o
       584         26          0          0          0         84   dmul.o
        84          4          0          0          0         60   f2d.o
       348          8          0          0          0        160   faddsub.o
        22          0          0          0          0         68   fcmp.o
       100          4          0          0          0         68   fcmpin.o
       352         10         64          0          0         92   fdiv.o
        94          0          0          0          0         92   fflti.o
        84          4          0          0          0         76   flef.o
       176          4          0          0          0         80   fmul.o
        16          6          0          0          0         68   fnan2.o
       144          4          0          0          0         72   fsqrt.o
        94          0          0          0          0         68   retnan.o
         0          0          0          0          0          0   usenofp.o
        44          0          0          0          0         72   sqrtf.o

    ----------------------------------------------------------------------
      3904        118         64          0         96       2308   Library Totals
        12          0          0          0          0          0   (incl. Padding)

    ----------------------------------------------------------------------

      Code (inc. data)   RO Data    RW Data    ZI Data      Debug   Library Name

       724         24          0          0         96        908   c_p.l
      3124         94         64          0          0       1328   fz_ps.l
        44          0          0          0          0         72   m_ps.l

    ----------------------------------------------------------------------
      3904        118         64          0         96       2308   Library Totals

    ----------------------------------------------------------------------

==============================================================================


      Code (inc. data)   RO Data    RW Data    ZI Data      Debug   

     29352       1252       2512         24      13472     260319   Grand Totals
     29352       1252       2512         24      13472     260319   ELF Image Totals
     29352       1252       2512         24          0          0   ROM Totals

==============================================================================

    Total RO  Size (Code + RO Data)                31864 (  31.12kB)
    Total RW  Size (RW Data + ZI Data)             13496 (  13.18kB)
    Total ROM Size (Code + RO Data + RW Data)      31888 (  31.14kB)

==============================================================================

